Archive member included to satisfy reference by file (symbol)

c:/program files (x86)/atollic/truestudio for arm 8.0.0/armtools/bin/../lib/gcc/arm-atollic-eabi/6.3.1/../../../../arm-atollic-eabi/lib/armv7e-m/softfp\libc_nano.a(lib_a-init.o)
                              startup\startup_stm32f334x8.o (__libc_init_array)
c:/program files (x86)/atollic/truestudio for arm 8.0.0/armtools/bin/../lib/gcc/arm-atollic-eabi/6.3.1/../../../../arm-atollic-eabi/lib/armv7e-m/softfp\libc_nano.a(lib_a-printf.o)
                              Src\proxSenseI2C.o (printf)
c:/program files (x86)/atollic/truestudio for arm 8.0.0/armtools/bin/../lib/gcc/arm-atollic-eabi/6.3.1/../../../../arm-atollic-eabi/lib/armv7e-m/softfp\libc_nano.a(lib_a-putchar.o)
                              Src\proxSenseI2C.o (putchar)
c:/program files (x86)/atollic/truestudio for arm 8.0.0/armtools/bin/../lib/gcc/arm-atollic-eabi/6.3.1/../../../../arm-atollic-eabi/lib/armv7e-m/softfp\libc_nano.a(lib_a-puts.o)
                              Src\proxSenseI2C.o (puts)
c:/program files (x86)/atollic/truestudio for arm 8.0.0/armtools/bin/../lib/gcc/arm-atollic-eabi/6.3.1/../../../../arm-atollic-eabi/lib/armv7e-m/softfp\libc_nano.a(lib_a-wbuf.o)
                              c:/program files (x86)/atollic/truestudio for arm 8.0.0/armtools/bin/../lib/gcc/arm-atollic-eabi/6.3.1/../../../../arm-atollic-eabi/lib/armv7e-m/softfp\libc_nano.a(lib_a-puts.o) (__swbuf_r)
c:/program files (x86)/atollic/truestudio for arm 8.0.0/armtools/bin/../lib/gcc/arm-atollic-eabi/6.3.1/../../../../arm-atollic-eabi/lib/armv7e-m/softfp\libc_nano.a(lib_a-wsetup.o)
                              c:/program files (x86)/atollic/truestudio for arm 8.0.0/armtools/bin/../lib/gcc/arm-atollic-eabi/6.3.1/../../../../arm-atollic-eabi/lib/armv7e-m/softfp\libc_nano.a(lib_a-puts.o) (__swsetup_r)
c:/program files (x86)/atollic/truestudio for arm 8.0.0/armtools/bin/../lib/gcc/arm-atollic-eabi/6.3.1/../../../../arm-atollic-eabi/lib/armv7e-m/softfp\libc_nano.a(lib_a-fflush.o)
                              c:/program files (x86)/atollic/truestudio for arm 8.0.0/armtools/bin/../lib/gcc/arm-atollic-eabi/6.3.1/../../../../arm-atollic-eabi/lib/armv7e-m/softfp\libc_nano.a(lib_a-wbuf.o) (_fflush_r)
c:/program files (x86)/atollic/truestudio for arm 8.0.0/armtools/bin/../lib/gcc/arm-atollic-eabi/6.3.1/../../../../arm-atollic-eabi/lib/armv7e-m/softfp\libc_nano.a(lib_a-findfp.o)
                              c:/program files (x86)/atollic/truestudio for arm 8.0.0/armtools/bin/../lib/gcc/arm-atollic-eabi/6.3.1/../../../../arm-atollic-eabi/lib/armv7e-m/softfp\libc_nano.a(lib_a-printf.o) (__sinit)
c:/program files (x86)/atollic/truestudio for arm 8.0.0/armtools/bin/../lib/gcc/arm-atollic-eabi/6.3.1/../../../../arm-atollic-eabi/lib/armv7e-m/softfp\libc_nano.a(lib_a-fwalk.o)
                              c:/program files (x86)/atollic/truestudio for arm 8.0.0/armtools/bin/../lib/gcc/arm-atollic-eabi/6.3.1/../../../../arm-atollic-eabi/lib/armv7e-m/softfp\libc_nano.a(lib_a-findfp.o) (_fwalk)
c:/program files (x86)/atollic/truestudio for arm 8.0.0/armtools/bin/../lib/gcc/arm-atollic-eabi/6.3.1/../../../../arm-atollic-eabi/lib/armv7e-m/softfp\libc_nano.a(lib_a-impure.o)
                              c:/program files (x86)/atollic/truestudio for arm 8.0.0/armtools/bin/../lib/gcc/arm-atollic-eabi/6.3.1/../../../../arm-atollic-eabi/lib/armv7e-m/softfp\libc_nano.a(lib_a-fflush.o) (_global_impure_ptr)
c:/program files (x86)/atollic/truestudio for arm 8.0.0/armtools/bin/../lib/gcc/arm-atollic-eabi/6.3.1/../../../../arm-atollic-eabi/lib/armv7e-m/softfp\libc_nano.a(lib_a-makebuf.o)
                              c:/program files (x86)/atollic/truestudio for arm 8.0.0/armtools/bin/../lib/gcc/arm-atollic-eabi/6.3.1/../../../../arm-atollic-eabi/lib/armv7e-m/softfp\libc_nano.a(lib_a-wsetup.o) (__smakebuf_r)
c:/program files (x86)/atollic/truestudio for arm 8.0.0/armtools/bin/../lib/gcc/arm-atollic-eabi/6.3.1/../../../../arm-atollic-eabi/lib/armv7e-m/softfp\libc_nano.a(lib_a-memset.o)
                              c:/program files (x86)/atollic/truestudio for arm 8.0.0/armtools/bin/../lib/gcc/arm-atollic-eabi/6.3.1/../../../../arm-atollic-eabi/lib/armv7e-m/softfp\libc_nano.a(lib_a-findfp.o) (memset)
c:/program files (x86)/atollic/truestudio for arm 8.0.0/armtools/bin/../lib/gcc/arm-atollic-eabi/6.3.1/../../../../arm-atollic-eabi/lib/armv7e-m/softfp\libc_nano.a(lib_a-nano-freer.o)
                              c:/program files (x86)/atollic/truestudio for arm 8.0.0/armtools/bin/../lib/gcc/arm-atollic-eabi/6.3.1/../../../../arm-atollic-eabi/lib/armv7e-m/softfp\libc_nano.a(lib_a-wsetup.o) (_free_r)
c:/program files (x86)/atollic/truestudio for arm 8.0.0/armtools/bin/../lib/gcc/arm-atollic-eabi/6.3.1/../../../../arm-atollic-eabi/lib/armv7e-m/softfp\libc_nano.a(lib_a-nano-mallocr.o)
[...]
Memory Configuration

Name             Origin             Length             Attributes
RAM              0x20000000         0x00003000         xrw
CCMRAM           0x10000000         0x00001000         rw
FLASH            0x08000000         0x00010000         xr
*default*        0x00000000         0xffffffff

Linker script and memory map

LOAD c:/program files (x86)/atollic/truestudio for arm 8.0.0/armtools/bin/../lib/gcc/arm-atollic-eabi/6.3.1/armv7e-m/softfp/crti.o
LOAD c:/program files (x86)/atollic/truestudio for arm 8.0.0/armtools/bin/../lib/gcc/arm-atollic-eabi/6.3.1/armv7e-m/softfp/crtbegin.o
LOAD Drivers\STM32F3xx_HAL_Driver\Src\stm32f3xx_hal.o
LOAD Drivers\STM32F3xx_HAL_Driver\Src\stm32f3xx_hal_adc.o
LOAD Drivers\STM32F3xx_HAL_Driver\Src\stm32f3xx_hal_adc_ex.o
LOAD Drivers\STM32F3xx_HAL_Driver\Src\stm32f3xx_hal_cortex.o
LOAD Drivers\STM32F3xx_HAL_Driver\Src\stm32f3xx_hal_dma.o
LOAD Drivers\STM32F3xx_HAL_Driver\Src\stm32f3xx_hal_flash.o
LOAD Drivers\STM32F3xx_HAL_Driver\Src\stm32f3xx_hal_flash_ex.o
LOAD Drivers\STM32F3xx_HAL_Driver\Src\stm32f3xx_hal_gpio.o
LOAD Drivers\STM32F3xx_HAL_Driver\Src\stm32f3xx_hal_i2c.o
LOAD Drivers\STM32F3xx_HAL_Driver\Src\stm32f3xx_hal_i2c_ex.o
LOAD Drivers\STM32F3xx_HAL_Driver\Src\stm32f3xx_hal_pwr.o
LOAD Drivers\STM32F3xx_HAL_Driver\Src\stm32f3xx_hal_pwr_ex.o
LOAD Drivers\STM32F3xx_HAL_Driver\Src\stm32f3xx_hal_rcc.o
LOAD Drivers\STM32F3xx_HAL_Driver\Src\stm32f3xx_hal_rcc_ex.o
LOAD Drivers\STM32F3xx_HAL_Driver\Src\stm32f3xx_hal_rtc.o
LOAD Drivers\STM32F3xx_HAL_Driver\Src\stm32f3xx_hal_rtc_ex.o
LOAD Drivers\STM32F3xx_HAL_Driver\Src\stm32f3xx_hal_tim.o
LOAD Drivers\STM32F3xx_HAL_Driver\Src\stm32f3xx_hal_tim_ex.o
LOAD Drivers\STM32F3xx_HAL_Driver\Src\stm32f3xx_hal_uart.o
LOAD Drivers\STM32F3xx_HAL_Driver\Src\stm32f3xx_hal_uart_ex.o
LOAD Src\GPIO_input.o
LOAD Src\SevSeg.o
LOAD Src\adc.o
LOAD Src\eeprom.o
LOAD Src\main.o
LOAD Src\proxSenseI2C.o
LOAD Src\stm32f3xx_hal_msp.o
LOAD Src\stm32f3xx_it.o
LOAD Src\system_stm32f3xx.o
LOAD Src\uart.o
LOAD startup\startup_stm32f334x8.o
                0x00000080                malloc_getpagesize_P = 0x80
START GROUP
LOAD c:/program files (x86)/atollic/truestudio for arm 8.0.0/armtools/bin/../lib/gcc/arm-atollic-eabi/6.3.1/../../../../arm-atollic-eabi/lib/armv7e-m/softfp\libc_nano.a
LOAD c:/program files (x86)/atollic/truestudio for arm 8.0.0/armtools/bin/../lib/gcc/arm-atollic-eabi/6.3.1/../../../../arm-atollic-eabi/lib/armv7e-m/softfp\libm.a
END GROUP
START GROUP
LOAD c:/program files (x86)/atollic/truestudio for arm 8.0.0/armtools/bin/../lib/gcc/arm-atollic-eabi/6.3.1/armv7e-m/softfp\libgcc.a
LOAD c:/program files (x86)/atollic/truestudio for arm 8.0.0/armtools/bin/../lib/gcc/arm-atollic-eabi/6.3.1/../../../../arm-atollic-eabi/lib/armv7e-m/softfp\libc_nano.a
END GROUP
START GROUP
LOAD c:/program files (x86)/atollic/truestudio for arm 8.0.0/armtools/bin/../lib/gcc/arm-atollic-eabi/6.3.1/armv7e-m/softfp\libgcc.a
LOAD c:/program files (x86)/atollic/truestudio for arm 8.0.0/armtools/bin/../lib/gcc/arm-atollic-eabi/6.3.1/../../../../arm-atollic-eabi/lib/armv7e-m/softfp\libc_nano.a
LOAD c:/program files (x86)/atollic/truestudio for arm 8.0.0/armtools/bin/../lib/gcc/arm-atollic-eabi/6.3.1/../../../../arm-atollic-eabi/lib/armv7e-m/softfp\libnosys.a
END GROUP
START GROUP
LOAD c:/program files (x86)/atollic/truestudio for arm 8.0.0/armtools/bin/../lib/gcc/arm-atollic-eabi/6.3.1/armv7e-m/softfp\libgcc.a
LOAD c:/program files (x86)/atollic/truestudio for arm 8.0.0/armtools/bin/../lib/gcc/arm-atollic-eabi/6.3.1/../../../../arm-atollic-eabi/lib/armv7e-m/softfp\libc_nano.a
LOAD c:/program files (x86)/atollic/truestudio for arm 8.0.0/armtools/bin/../lib/gcc/arm-atollic-eabi/6.3.1/../../../../arm-atollic-eabi/lib/armv7e-m/softfp\libnosys.a
END GROUP
LOAD c:/program files (x86)/atollic/truestudio for arm 8.0.0/armtools/bin/../lib/gcc/arm-atollic-eabi/6.3.1/armv7e-m/softfp/crtend.o
LOAD c:/program files (x86)/atollic/truestudio for arm 8.0.0/armtools/bin/../lib/gcc/arm-atollic-eabi/6.3.1/armv7e-m/softfp/crtn.o
                0x20003000                _estack = 0x20003000
                0x00000200                _Min_Heap_Size = 0x200
                0x00000400                _Min_Stack_Size = 0x400

.isr_vector     0x08000000      0x188
                0x08000000                . = ALIGN (0x4)
 *(.isr_vector)
 .isr_vector    0x08000000      0x188 startup\startup_stm32f334x8.o
                0x08000000                g_pfnVectors
                0x08000188                . = ALIGN (0x4)

.text           0x08000190     0x6174
                0x08000190                . = ALIGN (0x4)
 *(.text)
 .text          0x08000190       0x40 c:/program files (x86)/atollic/truestudio for arm 8.0.0/armtools/bin/../lib/gcc/arm-atollic-eabi/6.3.1/armv7e-m/softfp/crtbegin.o
 .text          0x080001d0       0xa0 c:/program files (x86)/atollic/truestudio for arm 8.0.0/armtools/bin/../lib/gcc/arm-atollic-eabi/6.3.1/../../../../arm-atollic-eabi/lib/armv7e-m/softfp\libc_nano.a(lib_a-memchr.o)
                0x080001d0                memchr
 .text          0x08000270      0x370 c:/program files (x86)/atollic/truestudio for arm 8.0.0/armtools/bin/../lib/gcc/arm-atollic-eabi/6.3.1/armv7e-m/softfp\libgcc.a(_arm_addsubdf3.o)
                0x08000270                __aeabi_drsub
                0x08000278                __aeabi_dsub
                0x08000278                __subdf3
                0x0800027c                __aeabi_dadd
                0x0800027c                __adddf3
                0x080004f4                __floatunsidf
                0x080004f4                __aeabi_ui2d
                0x08000514                __floatsidf
                0x08000514                __aeabi_i2d
                0x08000538                __aeabi_f2d
                0x08000538                __extendsfdf2
                0x08000574                __floatundidf
                0x08000574                __aeabi_ul2d
                0x08000584                __floatdidf
                0x08000584                __aeabi_l2d
 .text          0x080005e0      0x424 c:/program files (x86)/atollic/truestudio for arm 8.0.0/armtools/bin/../lib/gcc/arm-atollic-eabi/6.3.1/armv7e-m/softfp\libgcc.a(_arm_muldivdf3.o)
                0x080005e0                __aeabi_dmul
                0x080005e0                __muldf3
                0x08000834                __divdf3
                0x08000834                __aeabi_ddiv
 .text          0x08000a04      0x110 c:/program files (x86)/atollic/truestudio for arm 8.0.0/armtools/bin/../lib/gcc/arm-atollic-eabi/6.3.1/armv7e-m/softfp\libgcc.a(_arm_cmpdf2.o)
                0x08000a04                __gtdf2
                0x08000a04                __gedf2
                0x08000a0c                __ltdf2
                0x08000a0c                __ledf2
                0x08000a14                __nedf2
                0x08000a14                __eqdf2
                0x08000a14                __cmpdf2
                0x08000a90                __aeabi_cdrcmple
                0x08000aa0                __aeabi_cdcmpeq
                0x08000aa0                __aeabi_cdcmple
                0x08000ab0                __aeabi_dcmpeq
                0x08000ac4                __aeabi_dcmplt
                0x08000ad8                __aeabi_dcmple
                0x08000aec                __aeabi_dcmpge
                0x08000b00                __aeabi_dcmpgt
 .text          0x08000b14       0x2c c:/program files (x86)/atollic/truestudio for arm 8.0.0/armtools/bin/../lib/gcc/arm-atollic-eabi/6.3.1/armv7e-m/softfp\libgcc.a(_arm_unorddf2.o)
                0x08000b14                __unorddf2
                0x08000b14                __aeabi_dcmpun
 .text          0x08000b40       0x50 c:/program files (x86)/atollic/truestudio for arm 8.0.0/armtools/bin/../lib/gcc/arm-atollic-eabi/6.3.1/armv7e-m/softfp\libgcc.a(_arm_fixdfsi.o)
                0x08000b40                __aeabi_d2iz
                0x08000b40                __fixdfsi
 .text          0x08000b90       0x40 c:/program files (x86)/atollic/truestudio for arm 8.0.0/armtools/bin/../lib/gcc/arm-atollic-eabi/6.3.1/armv7e-m/softfp\libgcc.a(_arm_fixunsdfsi.o)
                0x08000b90                __aeabi_d2uiz
                0x08000b90                __fixunsdfsi
 *(.text*)
 .text.HAL_InitTick
                0x08000bd0       0x2c Drivers\STM32F3xx_HAL_Driver\Src\stm32f3xx_hal.o
                0x08000bd0                HAL_InitTick
 .text.HAL_Init
                0x08000bfc       0x24 Drivers\STM32F3xx_HAL_Driver\Src\stm32f3xx_hal.o
                0x08000bfc                HAL_Init
 .text.HAL_IncTick
                0x08000c20       0x10 Drivers\STM32F3xx_HAL_Driver\Src\stm32f3xx_hal.o
                0x08000c20                HAL_IncTick
 .text.HAL_GetTick
                0x08000c30        0xc Drivers\STM32F3xx_HAL_Driver\Src\stm32f3xx_hal.o
                0x08000c30                HAL_GetTick
 .text.HAL_Delay
                0x08000c3c       0x24 Drivers\STM32F3xx_HAL_Driver\Src\stm32f3xx_hal.o
                0x08000c3c                HAL_Delay
 .text.HAL_ADC_ConvCpltCallback
                0x08000c60        0x4 Drivers\STM32F3xx_HAL_Driver\Src\stm32f3xx_hal_adc.o
                0x08000c60                HAL_ADC_ConvCpltCallback
 .text.HAL_ADC_ConvHalfCpltCallback
                0x08000c64        0x4 Drivers\STM32F3xx_HAL_Driver\Src\stm32f3xx_hal_adc.o
                0x08000c64                HAL_ADC_ConvHalfCpltCallback
 .text.HAL_ADC_ErrorCallback
                0x08000c68        0x4 Drivers\STM32F3xx_HAL_Driver\Src\stm32f3xx_hal_adc.o
                0x08000c68                HAL_ADC_ErrorCallback
 .text.ADC_Disable
                0x08000c6c       0x74 Drivers\STM32F3xx_HAL_Driver\Src\stm32f3xx_hal_adc_ex.o
 .text.ADC_Enable
                0x08000ce0       0x74 Drivers\STM32F3xx_HAL_Driver\Src\stm32f3xx_hal_adc_ex.o
 .text.ADC_DMAError
                0x08000d54       0x18 Drivers\STM32F3xx_HAL_Driver\Src\stm32f3xx_hal_adc_ex.o
 .text.ADC_DMAHalfConvCplt
                0x08000d6c        0x8 Drivers\STM32F3xx_HAL_Driver\Src\stm32f3xx_hal_adc_ex.o
 .text.ADC_DMAConvCplt
                0x08000d74       0x44 Drivers\STM32F3xx_HAL_Driver\Src\stm32f3xx_hal_adc_ex.o
 .text.HAL_ADC_Init
                0x08000db8      0x214 Drivers\STM32F3xx_HAL_Driver\Src\stm32f3xx_hal_adc_ex.o
                0x08000db8                HAL_ADC_Init
 .text.HAL_ADC_Start_DMA
                0x08000fcc      0x10c Drivers\STM32F3xx_HAL_Driver\Src\stm32f3xx_hal_adc_ex.o
                0x08000fcc                HAL_ADC_Start_DMA
 .text.HAL_ADC_ConfigChannel
                0x080010d8      0x32c Drivers\STM32F3xx_HAL_Driver\Src\stm32f3xx_hal_adc_ex.o
                0x080010d8                HAL_ADC_ConfigChannel
 .text.HAL_ADCEx_MultiModeConfigChannel
                0x08001404       0xe4 Drivers\STM32F3xx_HAL_Driver\Src\stm32f3xx_hal_adc_ex.o
                0x08001404                HAL_ADCEx_MultiModeConfigChannel
 .text.HAL_NVIC_SetPriorityGrouping
                0x080014e8       0x24 Drivers\STM32F3xx_HAL_Driver\Src\stm32f3xx_hal_cortex.o
                0x080014e8                HAL_NVIC_SetPriorityGrouping
 .text.HAL_NVIC_SetPriority
                0x0800150c       0x6c Drivers\STM32F3xx_HAL_Driver\Src\stm32f3xx_hal_cortex.o
                0x0800150c                HAL_NVIC_SetPriority
 .text.HAL_NVIC_EnableIRQ
                0x08001578       0x18 Drivers\STM32F3xx_HAL_Driver\Src\stm32f3xx_hal_cortex.o
                0x08001578                HAL_NVIC_EnableIRQ
 .text.HAL_SYSTICK_Config
                0x08001590       0x34 Drivers\STM32F3xx_HAL_Driver\Src\stm32f3xx_hal_cortex.o
                0x08001590                HAL_SYSTICK_Config
 .text.HAL_SYSTICK_CLKSourceConfig
                0x080015c4       0x18 Drivers\STM32F3xx_HAL_Driver\Src\stm32f3xx_hal_cortex.o
                0x080015c4                HAL_SYSTICK_CLKSourceConfig
 .text.HAL_SYSTICK_Callback
                0x080015dc        0x4 Drivers\STM32F3xx_HAL_Driver\Src\stm32f3xx_hal_cortex.o
                0x080015dc                HAL_SYSTICK_Callback
 .text.HAL_SYSTICK_IRQHandler
                0x080015e0        0x8 Drivers\STM32F3xx_HAL_Driver\Src\stm32f3xx_hal_cortex.o
                0x080015e0                HAL_SYSTICK_IRQHandler
 .text.HAL_DMA_Init
                0x080015e8       0x70 Drivers\STM32F3xx_HAL_Driver\Src\stm32f3xx_hal_dma.o
                0x080015e8                HAL_DMA_Init
 .text.HAL_DMA_Start_IT
                0x08001658       0x84 Drivers\STM32F3xx_HAL_Driver\Src\stm32f3xx_hal_dma.o
                0x08001658                HAL_DMA_Start_IT
 .text.HAL_DMA_Abort_IT
                0x080016dc       0x48 Drivers\STM32F3xx_HAL_Driver\Src\stm32f3xx_hal_dma.o
                0x080016dc                HAL_DMA_Abort_IT
 .text.HAL_DMA_IRQHandler
                0x08001724       0x98 Drivers\STM32F3xx_HAL_Driver\Src\stm32f3xx_hal_dma.o
                0x08001724                HAL_DMA_IRQHandler
 .text.HAL_GPIO_Init
                0x080017bc      0x1d4 Drivers\STM32F3xx_HAL_Driver\Src\stm32f3xx_hal_gpio.o
                0x080017bc                HAL_GPIO_Init
 .text.HAL_GPIO_WritePin
                0x08001990        0xc Drivers\STM32F3xx_HAL_Driver\Src\stm32f3xx_hal_gpio.o
                0x08001990                HAL_GPIO_WritePin
 .text.HAL_GPIO_EXTI_Callback
                0x0800199c        0x4 Drivers\STM32F3xx_HAL_Driver\Src\stm32f3xx_hal_gpio.o
                0x0800199c                HAL_GPIO_EXTI_Callback
 .text.HAL_GPIO_EXTI_IRQHandler
                0x080019a0       0x18 Drivers\STM32F3xx_HAL_Driver\Src\stm32f3xx_hal_gpio.o
                0x080019a0                HAL_GPIO_EXTI_IRQHandler
 .text.I2C_WaitOnFlagUntilTimeout
                0x080019b8       0x50 Drivers\STM32F3xx_HAL_Driver\Src\stm32f3xx_hal_i2c.o
 .text.I2C_IsAcknowledgeFailed.part.0
                0x08001a08       0x7c Drivers\STM32F3xx_HAL_Driver\Src\stm32f3xx_hal_i2c.o
 .text.I2C_WaitOnTXISFlagUntilTimeout
                0x08001a84       0x58 Drivers\STM32F3xx_HAL_Driver\Src\stm32f3xx_hal_i2c.o
 .text.I2C_RequestMemoryWrite
                0x08001adc       0x80 Drivers\STM32F3xx_HAL_Driver\Src\stm32f3xx_hal_i2c.o
 .text.I2C_RequestMemoryRead
                0x08001b5c       0x7c Drivers\STM32F3xx_HAL_Driver\Src\stm32f3xx_hal_i2c.o
 .text.I2C_WaitOnSTOPFlagUntilTimeout
                0x08001bd8       0x54 Drivers\STM32F3xx_HAL_Driver\Src\stm32f3xx_hal_i2c.o
 .text.HAL_I2C_Init
                0x08001c2c       0xac Drivers\STM32F3xx_HAL_Driver\Src\stm32f3xx_hal_i2c.o
                0x08001c2c                HAL_I2C_Init
 .text.HAL_I2C_Mem_Write
                0x08001cd8      0x1c4 Drivers\STM32F3xx_HAL_Driver\Src\stm32f3xx_hal_i2c.o
                0x08001cd8                HAL_I2C_Mem_Write
 .text.HAL_I2C_Mem_Read
                0x08001e9c      0x1cc Drivers\STM32F3xx_HAL_Driver\Src\stm32f3xx_hal_i2c.o
                0x08001e9c                HAL_I2C_Mem_Read
 .text.HAL_I2CEx_ConfigAnalogFilter
                0x08002068       0x54 Drivers\STM32F3xx_HAL_Driver\Src\stm32f3xx_hal_i2c_ex.o
                0x08002068                HAL_I2CEx_ConfigAnalogFilter
 .text.HAL_I2CEx_ConfigDigitalFilter
                0x080020bc       0x50 Drivers\STM32F3xx_HAL_Driver\Src\stm32f3xx_hal_i2c_ex.o
                0x080020bc                HAL_I2CEx_ConfigDigitalFilter
 .text.HAL_RCC_OscConfig
                0x0800210c      0x59c Drivers\STM32F3xx_HAL_Driver\Src\stm32f3xx_hal_rcc.o
                0x0800210c                HAL_RCC_OscConfig
 .text.HAL_RCC_GetSysClockFreq
                0x080026a8       0x68 Drivers\STM32F3xx_HAL_Driver\Src\stm32f3xx_hal_rcc.o
                0x080026a8                HAL_RCC_GetSysClockFreq
 .text.HAL_RCC_ClockConfig
                0x08002710      0x190 Drivers\STM32F3xx_HAL_Driver\Src\stm32f3xx_hal_rcc.o
                0x08002710                HAL_RCC_ClockConfig
 .text.HAL_RCC_GetHCLKFreq
                0x080028a0        0xc Drivers\STM32F3xx_HAL_Driver\Src\stm32f3xx_hal_rcc.o
                0x080028a0                HAL_RCC_GetHCLKFreq
 .text.HAL_RCC_GetPCLK1Freq
                0x080028ac       0x30 Drivers\STM32F3xx_HAL_Driver\Src\stm32f3xx_hal_rcc.o
                0x080028ac                HAL_RCC_GetPCLK1Freq
 .text.HAL_RCC_GetPCLK2Freq
                0x080028dc       0x30 Drivers\STM32F3xx_HAL_Driver\Src\stm32f3xx_hal_rcc.o
                0x080028dc                HAL_RCC_GetPCLK2Freq
 .text.HAL_RCCEx_PeriphCLKConfig
                0x0800290c      0x184 Drivers\STM32F3xx_HAL_Driver\Src\stm32f3xx_hal_rcc_ex.o
                0x0800290c                HAL_RCCEx_PeriphCLKConfig
 .text.HAL_RTC_GetTime
                0x08002a90       0x6c Drivers\STM32F3xx_HAL_Driver\Src\stm32f3xx_hal_rtc.o
                0x08002a90                HAL_RTC_GetTime
 .text.HAL_RTC_GetDate
                0x08002afc       0x60 Drivers\STM32F3xx_HAL_Driver\Src\stm32f3xx_hal_rtc.o
                0x08002afc                HAL_RTC_GetDate
 .text.HAL_RTC_WaitForSynchro
                0x08002b5c       0x34 Drivers\STM32F3xx_HAL_Driver\Src\stm32f3xx_hal_rtc.o
                0x08002b5c                HAL_RTC_WaitForSynchro
 .text.RTC_EnterInitMode
                0x08002b90       0x34 Drivers\STM32F3xx_HAL_Driver\Src\stm32f3xx_hal_rtc.o
                0x08002b90                RTC_EnterInitMode
 .text.HAL_RTC_Init
                0x08002bc4       0xb0 Drivers\STM32F3xx_HAL_Driver\Src\stm32f3xx_hal_rtc.o
                0x08002bc4                HAL_RTC_Init
 .text.HAL_RTC_SetTime
                0x08002c74      0x140 Drivers\STM32F3xx_HAL_Driver\Src\stm32f3xx_hal_rtc.o
                0x08002c74                HAL_RTC_SetTime
 .text.HAL_RTC_SetDate
                0x08002db4      0x11c Drivers\STM32F3xx_HAL_Driver\Src\stm32f3xx_hal_rtc.o
                0x08002db4                HAL_RTC_SetDate
 .text.HAL_RTCEx_BKUPWrite
                0x08002ed0        0xc Drivers\STM32F3xx_HAL_Driver\Src\stm32f3xx_hal_rtc_ex.o
                0x08002ed0                HAL_RTCEx_BKUPWrite
 .text.HAL_RTCEx_BKUPRead
                0x08002edc        0xc Drivers\STM32F3xx_HAL_Driver\Src\stm32f3xx_hal_rtc_ex.o
                0x08002edc                HAL_RTCEx_BKUPRead
 .text.HAL_TIM_Base_Start_IT
                0x08002ee8       0x18 Drivers\STM32F3xx_HAL_Driver\Src\stm32f3xx_hal_tim.o
                0x08002ee8                HAL_TIM_Base_Start_IT
 .text.HAL_TIM_ConfigClockSource
                0x08002f00      0x190 Drivers\STM32F3xx_HAL_Driver\Src\stm32f3xx_hal_tim.o
                0x08002f00                HAL_TIM_ConfigClockSource
 .text.HAL_TIM_PeriodElapsedCallback
                0x08003090        0x4 Drivers\STM32F3xx_HAL_Driver\Src\stm32f3xx_hal_tim.o
                0x08003090                HAL_TIM_PeriodElapsedCallback
 .text.HAL_TIM_OC_DelayElapsedCallback
                0x08003094        0x4 Drivers\STM32F3xx_HAL_Driver\Src\stm32f3xx_hal_tim.o
                0x08003094                HAL_TIM_OC_DelayElapsedCallback
 .text.HAL_TIM_IC_CaptureCallback
                0x08003098        0x4 Drivers\STM32F3xx_HAL_Driver\Src\stm32f3xx_hal_tim.o
                0x08003098                HAL_TIM_IC_CaptureCallback
 .text.HAL_TIM_PWM_PulseFinishedCallback
                0x0800309c        0x4 Drivers\STM32F3xx_HAL_Driver\Src\stm32f3xx_hal_tim.o
                0x0800309c                HAL_TIM_PWM_PulseFinishedCallback
 .text.HAL_TIM_TriggerCallback
                0x080030a0        0x4 Drivers\STM32F3xx_HAL_Driver\Src\stm32f3xx_hal_tim.o
                0x080030a0                HAL_TIM_TriggerCallback
 .text.HAL_TIM_IRQHandler
                0x080030a4      0x170 Drivers\STM32F3xx_HAL_Driver\Src\stm32f3xx_hal_tim.o
                0x080030a4                HAL_TIM_IRQHandler
 .text.TIM_Base_SetConfig
                0x08003214       0xc0 Drivers\STM32F3xx_HAL_Driver\Src\stm32f3xx_hal_tim.o
                0x08003214                TIM_Base_SetConfig
 .text.HAL_TIM_Base_Init
                0x080032d4       0x38 Drivers\STM32F3xx_HAL_Driver\Src\stm32f3xx_hal_tim.o
                0x080032d4                HAL_TIM_Base_Init
 .text.HAL_TIMEx_MasterConfigSynchronization
                0x0800330c       0x4c Drivers\STM32F3xx_HAL_Driver\Src\stm32f3xx_hal_tim_ex.o
                0x0800330c                HAL_TIMEx_MasterConfigSynchronization
 .text.HAL_TIMEx_CommutationCallback
                0x08003358        0x4 Drivers\STM32F3xx_HAL_Driver\Src\stm32f3xx_hal_tim_ex.o
                0x08003358                HAL_TIMEx_CommutationCallback
 .text.HAL_TIMEx_BreakCallback
                0x0800335c        0x4 Drivers\STM32F3xx_HAL_Driver\Src\stm32f3xx_hal_tim_ex.o
                0x0800335c                HAL_TIMEx_BreakCallback
 .text.HAL_TIMEx_Break2Callback
                0x08003360        0x4 Drivers\STM32F3xx_HAL_Driver\Src\stm32f3xx_hal_tim_ex.o
                0x08003360                HAL_TIMEx_Break2Callback
 .text.HAL_UART_Receive_IT
                0x08003364       0x94 Drivers\STM32F3xx_HAL_Driver\Src\stm32f3xx_hal_uart.o
                0x08003364                HAL_UART_Receive_IT
 .text.HAL_UART_TxCpltCallback
                0x080033f8        0x4 Drivers\STM32F3xx_HAL_Driver\Src\stm32f3xx_hal_uart.o
                0x080033f8                HAL_UART_TxCpltCallback
 .text.HAL_UART_ErrorCallback
                0x080033fc        0x4 Drivers\STM32F3xx_HAL_Driver\Src\stm32f3xx_hal_uart.o
                0x080033fc                HAL_UART_ErrorCallback
 .text.UART_DMAAbortOnError
                0x08003400       0x18 Drivers\STM32F3xx_HAL_Driver\Src\stm32f3xx_hal_uart.o
 .text.UART_SetConfig
                0x08003418      0x1ac Drivers\STM32F3xx_HAL_Driver\Src\stm32f3xx_hal_uart.o
                0x08003418                UART_SetConfig
 .text.UART_AdvFeatureConfig
                0x080035c4       0xb0 Drivers\STM32F3xx_HAL_Driver\Src\stm32f3xx_hal_uart.o
                0x080035c4                UART_AdvFeatureConfig
 .text.UART_WaitOnFlagUntilTimeout
                0x08003674       0x68 Drivers\STM32F3xx_HAL_Driver\Src\stm32f3xx_hal_uart.o
                0x08003674                UART_WaitOnFlagUntilTimeout
 .text.HAL_UART_Transmit
                0x080036dc       0xb8 Drivers\STM32F3xx_HAL_Driver\Src\stm32f3xx_hal_uart.o
                0x080036dc                HAL_UART_Transmit
 .text.UART_CheckIdleState
                0x08003794       0x70 Drivers\STM32F3xx_HAL_Driver\Src\stm32f3xx_hal_uart.o
                0x08003794                UART_CheckIdleState
 .text.HAL_UART_Init
                0x08003804       0x6c Drivers\STM32F3xx_HAL_Driver\Src\stm32f3xx_hal_uart.o
                0x08003804                HAL_UART_Init
 .text.UART_Transmit_IT
                0x08003870       0x68 Drivers\STM32F3xx_HAL_Driver\Src\stm32f3xx_hal_uart.o
                0x08003870                UART_Transmit_IT
 .text.UART_Receive_IT
                0x080038d8       0x78 Drivers\STM32F3xx_HAL_Driver\Src\stm32f3xx_hal_uart.o
                0x080038d8                UART_Receive_IT
 .text.HAL_UART_IRQHandler
                0x08003950      0x160 Drivers\STM32F3xx_HAL_Driver\Src\stm32f3xx_hal_uart.o
                0x08003950                HAL_UART_IRQHandler
 .text.HAL_UARTEx_WakeupCallback
                0x08003ab0        0x4 Drivers\STM32F3xx_HAL_Driver\Src\stm32f3xx_hal_uart_ex.o
                0x08003ab0                HAL_UARTEx_WakeupCallback
 .text.flowMeterInterrupt
                0x08003ab4       0x34 Src\GPIO_input.o
                0x08003ab4                flowMeterInterrupt
 .text.waterFlowFlagReset
                0x08003ae8       0x28 Src\GPIO_input.o
                0x08003ae8                waterFlowFlagReset
 .text.valveControl
                0x08003b10       0x14 Src\GPIO_input.o
                0x08003b10                valveControl
 .text.inWindow
                0x08003b24       0x40 Src\GPIO_input.o
                0x08003b24                inWindow
 .text.heaterControlLoop
                0x08003b64       0x70 Src\GPIO_input.o
                0x08003b64                heaterControlLoop
 .text.SevSegInit
                0x08003bd4       0x3c Src\SevSeg.o
                0x08003bd4                SevSegInit
 .text.SevSegwrite
                0x08003c10       0xfc Src\SevSeg.o
                0x08003c10                SevSegwrite
 .text.digitLoop
                0x08003d0c       0xf0 Src\SevSeg.o
                0x08003d0c                digitLoop
 .text.displayLoop
                0x08003dfc       0x28 Src\SevSeg.o
                0x08003dfc                displayLoop
 .text.adcInit  0x08003e24        0x4 Src\adc.o
                0x08003e24                adcInit
 .text.findRMS  0x08003e28      0x104 Src\adc.o
                0x08003e28                findRMS
 *fill*         0x08003f2c        0x4 
 .text.adcLoop  0x08003f30       0xc8 Src\adc.o
                0x08003f30                adcLoop
 .text.map      0x08003ff8       0x34 Src\adc.o
                0x08003ff8                map
 .text.mainInit
                0x0800402c       0x48 Src\main.o
                0x0800402c                mainInit
 .text.SystemClock_Config
                0x08004074       0x9c Src\main.o
                0x08004074                SystemClock_Config
 .text.startup.main
                0x08004110      0x39c Src\main.o
                0x08004110                main
 .text._Error_Handler
                0x080044ac        0x4 Src\main.o
                0x080044ac                _Error_Handler
 .text.proxSenseI2CInit
                0x080044b0       0x78 Src\proxSenseI2C.o
                0x080044b0                proxSenseI2CInit
 .text.i2cIRQ   0x08004528       0xbc Src\proxSenseI2C.o
                0x08004528                i2cIRQ
 .text.printSettings
                0x080045e4       0x8c Src\proxSenseI2C.o
                0x080045e4                printSettings
 .text.HAL_MspInit
                0x08004670       0x7c Src\stm32f3xx_hal_msp.o
                0x08004670                HAL_MspInit
 .text.HAL_ADC_MspInit
                0x080046ec       0xa8 Src\stm32f3xx_hal_msp.o
                0x080046ec                HAL_ADC_MspInit
 .text.HAL_I2C_MspInit
                0x08004794       0x54 Src\stm32f3xx_hal_msp.o
                0x08004794                HAL_I2C_MspInit
 .text.HAL_RTC_MspInit
                0x080047e8       0x2c Src\stm32f3xx_hal_msp.o
                0x080047e8                HAL_RTC_MspInit
 .text.HAL_TIM_Base_MspInit
                0x08004814       0x3c Src\stm32f3xx_hal_msp.o
                0x08004814                HAL_TIM_Base_MspInit
 .text.HAL_UART_MspInit
                0x08004850       0x5c Src\stm32f3xx_hal_msp.o
                0x08004850                HAL_UART_MspInit
 .text.SysTick_Handler
                0x080048ac       0x74 Src\stm32f3xx_it.o
                0x080048ac                SysTick_Handler
 .text.EXTI0_IRQHandler
                0x08004920       0x10 Src\stm32f3xx_it.o
                0x08004920                EXTI0_IRQHandler
 .text.EXTI2_TSC_IRQHandler
                0x08004930       0x10 Src\stm32f3xx_it.o
                0x08004930                EXTI2_TSC_IRQHandler
 .text.EXTI4_IRQHandler
                0x08004940       0x10 Src\stm32f3xx_it.o
                0x08004940                EXTI4_IRQHandler
 .text.DMA1_Channel1_IRQHandler
                0x08004950        0xc Src\stm32f3xx_it.o
                0x08004950                DMA1_Channel1_IRQHandler
 .text.TIM2_IRQHandler
                0x0800495c       0x1c Src\stm32f3xx_it.o
                0x0800495c                TIM2_IRQHandler
 .text.USART1_IRQHandler
                0x08004978        0xc Src\stm32f3xx_it.o
                0x08004978                USART1_IRQHandler
 .text.EXTI15_10_IRQHandler
                0x08004984        0x8 Src\stm32f3xx_it.o
                0x08004984                EXTI15_10_IRQHandler
 .text.SystemInit
                0x0800498c       0x70 Src\system_stm32f3xx.o
                0x0800498c                SystemInit
 .text.String2IntU8.part.0
                0x080049fc       0x40 Src\uart.o
 .text.Int2String.part.1
                0x08004a3c       0xb0 Src\uart.o
 .text.uartInit
                0x08004aec       0x14 Src\uart.o
                0x08004aec                uartInit
 .text.String2Int
                0x08004b00       0x74 Src\uart.o
                0x08004b00                String2Int
 .text.DecodeCommand
                0x08004b74      0x5d0 Src\uart.o
                0x08004b74                DecodeCommand
 .text.HAL_UART_RxCpltCallback
                0x08005144       0x60 Src\uart.o
                0x08005144                HAL_UART_RxCpltCallback
 .text._write   0x080051a4       0x30 Src\uart.o
                0x080051a4                _write
 .text.Reset_Handler
                0x080051d4       0x50 startup\startup_stm32f334x8.o
                0x080051d4                Reset_Handler
 .text.Default_Handler
                0x08005224        0x2 startup\startup_stm32f334x8.o
                0x08005224                RTC_Alarm_IRQHandler
                0x08005224                HRTIM1_Master_IRQHandler
                0x08005224                DebugMon_Handler
                0x08005224                TIM1_CC_IRQHandler
                0x08005224                HardFault_Handler
                0x08005224                HRTIM1_FLT_IRQHandler
                0x08005224                PVD_IRQHandler
                0x08005224                HRTIM1_TIMD_IRQHandler
                0x08005224                TAMP_STAMP_IRQHandler
                0x08005224                PendSV_Handler
                0x08005224                NMI_Handler
                0x08005224                EXTI3_IRQHandler
                0x08005224                FPU_IRQHandler
                0x08005224                CAN_TX_IRQHandler
                0x08005224                TIM1_UP_TIM16_IRQHandler
                0x08005224                UsageFault_Handler
                0x08005224                ADC1_2_IRQHandler
                0x08005224                HRTIM1_TIME_IRQHandler
                0x08005224                SPI1_IRQHandler
                0x08005224                CAN_SCE_IRQHandler
                0x08005224                HRTIM1_TIMC_IRQHandler
                0x08005224                DMA1_Channel4_IRQHandler
                0x08005224                USART3_IRQHandler
                0x08005224                DMA1_Channel7_IRQHandler
                0x08005224                TIM7_DAC2_IRQHandler
                0x08005224                CAN_RX1_IRQHandler
                0x08005224                I2C1_EV_IRQHandler
                0x08005224                DMA1_Channel6_IRQHandler
                0x08005224                TIM3_IRQHandler
                0x08005224                RCC_IRQHandler
                0x08005224                Default_Handler
                0x08005224                COMP2_IRQHandler
                0x08005224                HRTIM1_TIMA_IRQHandler
                0x08005224                TIM6_DAC1_IRQHandler
                0x08005224                EXTI9_5_IRQHandler
                0x08005224                RTC_WKUP_IRQHandler
                0x08005224                MemManage_Handler
                0x08005224                SVC_Handler
                0x08005224                DMA1_Channel5_IRQHandler
                0x08005224                HRTIM1_TIMB_IRQHandler
                0x08005224                TIM1_TRG_COM_TIM17_IRQHandler
                0x08005224                DMA1_Channel3_IRQHandler
                0x08005224                WWDG_IRQHandler
                0x08005224                EXTI1_IRQHandler
                0x08005224                COMP4_6_IRQHandler
                0x08005224                USART2_IRQHandler
                0x08005224                DMA1_Channel2_IRQHandler
                0x08005224                FLASH_IRQHandler
                0x08005224                BusFault_Handler
                0x08005224                CAN_RX0_IRQHandler
                0x08005224                I2C1_ER_IRQHandler
                0x08005224                TIM1_BRK_TIM15_IRQHandler
 *fill*         0x08005226        0x2 
 .text.__libc_init_array
                0x08005228       0x48 c:/program files (x86)/atollic/truestudio for arm 8.0.0/armtools/bin/../lib/gcc/arm-atollic-eabi/6.3.1/../../../../arm-atollic-eabi/lib/armv7e-m/softfp\libc_nano.a(lib_a-init.o)
                0x08005228                __libc_init_array
 .text.printf   0x08005270       0x30 c:/program files (x86)/atollic/truestudio for arm 8.0.0/armtools/bin/../lib/gcc/arm-atollic-eabi/6.3.1/../../../../arm-atollic-eabi/lib/armv7e-m/softfp\libc_nano.a(lib_a-printf.o)
                0x08005270                iprintf
                0x08005270                printf
 .text.__swbuf_r
                0x080052a0       0xa4 c:/program files (x86)/atollic/truestudio for arm 8.0.0/armtools/bin/../lib/gcc/arm-atollic-eabi/6.3.1/../../../../arm-atollic-eabi/lib/armv7e-m/softfp\libc_nano.a(lib_a-wbuf.o)
                0x080052a0                __swbuf_r
 .text.__swsetup_r
                0x08005344       0xdc c:/program files (x86)/atollic/truestudio for arm 8.0.0/armtools/bin/../lib/gcc/arm-atollic-eabi/6.3.1/../../../../arm-atollic-eabi/lib/armv7e-m/softfp\libc_nano.a(lib_a-wsetup.o)
                0x08005344                __swsetup_r
 .text.__sflush_r
                0x08005420      0x110 c:/program files (x86)/atollic/truestudio for arm 8.0.0/armtools/bin/../lib/gcc/arm-atollic-eabi/6.3.1/../../../../arm-atollic-eabi/lib/armv7e-m/softfp\libc_nano.a(lib_a-fflush.o)
                0x08005420                __sflush_r
 .text._fflush_r
                0x08005530       0x54 c:/program files (x86)/atollic/truestudio for arm 8.0.0/armtools/bin/../lib/gcc/arm-atollic-eabi/6.3.1/../../../../arm-atollic-eabi/lib/armv7e-m/softfp\libc_nano.a(lib_a-fflush.o)
                0x08005530                _fflush_r
 .text._cleanup_r
                0x08005584        0xc c:/program files (x86)/atollic/truestudio for arm 8.0.0/armtools/bin/../lib/gcc/arm-atollic-eabi/6.3.1/../../../../arm-atollic-eabi/lib/armv7e-m/softfp\libc_nano.a(lib_a-findfp.o)
                0x08005584                _cleanup_r
 .text.std.isra.0
                0x08005590       0x48 c:/program files (x86)/atollic/truestudio for arm 8.0.0/armtools/bin/../lib/gcc/arm-atollic-eabi/6.3.1/../../../../arm-atollic-eabi/lib/armv7e-m/softfp\libc_nano.a(lib_a-findfp.o)
 .text.__sfmoreglue
                0x080055d8       0x2c c:/program files (x86)/atollic/truestudio for arm 8.0.0/armtools/bin/../lib/gcc/arm-atollic-eabi/6.3.1/../../../../arm-atollic-eabi/lib/armv7e-m/softfp\libc_nano.a(lib_a-findfp.o)
                0x080055d8                __sfmoreglue
 .text.__sinit  0x08005604       0x60 c:/program files (x86)/atollic/truestudio for arm 8.0.0/armtools/bin/../lib/gcc/arm-atollic-eabi/6.3.1/../../../../arm-atollic-eabi/lib/armv7e-m/softfp\libc_nano.a(lib_a-findfp.o)
                0x08005604                __sinit
 .text.__sfp    0x08005664       0x78 c:/program files (x86)/atollic/truestudio for arm 8.0.0/armtools/bin/../lib/gcc/arm-atollic-eabi/6.3.1/../../../../arm-atollic-eabi/lib/armv7e-m/softfp\libc_nano.a(lib_a-findfp.o)
                0x08005664                __sfp
 .text._fwalk_reent
                0x080056dc       0x3c c:/program files (x86)/atollic/truestudio for arm 8.0.0/armtools/bin/../lib/gcc/arm-atollic-eabi/6.3.1/../../../../arm-atollic-eabi/lib/armv7e-m/softfp\libc_nano.a(lib_a-fwalk.o)
                0x080056dc                _fwalk_reent
 .text.__swhatbuf_r
                0x08005718       0x48 c:/program files (x86)/atollic/truestudio for arm 8.0.0/armtools/bin/../lib/gcc/arm-atollic-eabi/6.3.1/../../../../arm-atollic-eabi/lib/armv7e-m/softfp\libc_nano.a(lib_a-makebuf.o)
                0x08005718                __swhatbuf_r
 .text.__smakebuf_r
                0x08005760       0x80 c:/program files (x86)/atollic/truestudio for arm 8.0.0/armtools/bin/../lib/gcc/arm-atollic-eabi/6.3.1/../../../../arm-atollic-eabi/lib/armv7e-m/softfp\libc_nano.a(lib_a-makebuf.o)
                0x08005760                __smakebuf_r
 .text.memset   0x080057e0       0x10 c:/program files (x86)/atollic/truestudio for arm 8.0.0/armtools/bin/../lib/gcc/arm-atollic-eabi/6.3.1/../../../../arm-atollic-eabi/lib/armv7e-m/softfp\libc_nano.a(lib_a-memset.o)
                0x080057e0                memset
 .text._free_r  0x080057f0       0x9c c:/program files (x86)/atollic/truestudio for arm 8.0.0/armtools/bin/../lib/gcc/arm-atollic-eabi/6.3.1/../../../../arm-atollic-eabi/lib/armv7e-m/softfp\libc_nano.a(lib_a-nano-freer.o)
                0x080057f0                _free_r
 .text._malloc_r
                0x0800588c       0xbc c:/program files (x86)/atollic/truestudio for arm 8.0.0/armtools/bin/../lib/gcc/arm-atollic-eabi/6.3.1/../../../../arm-atollic-eabi/lib/armv7e-m/softfp\libc_nano.a(lib_a-nano-mallocr.o)
                0x0800588c                _malloc_r
 .text.__sfputc_r
                0x08005948       0x30 c:/program files (x86)/atollic/truestudio for arm 8.0.0/armtools/bin/../lib/gcc/arm-atollic-eabi/6.3.1/../../../../arm-atollic-eabi/lib/armv7e-m/softfp\libc_nano.a(lib_a-nano-vfprintf.o)
 .text.__sfputs_r
                0x08005978       0x24 c:/program files (x86)/atollic/truestudio for arm 8.0.0/armtools/bin/../lib/gcc/arm-atollic-eabi/6.3.1/../../../../arm-atollic-eabi/lib/armv7e-m/softfp\libc_nano.a(lib_a-nano-vfprintf.o)
                0x08005978                __sfputs_r
 .text._vfprintf_r
                0x0800599c      0x22c c:/program files (x86)/atollic/truestudio for arm 8.0.0/armtools/bin/../lib/gcc/arm-atollic-eabi/6.3.1/../../../../arm-atollic-eabi/lib/armv7e-m/softfp\libc_nano.a(lib_a-nano-vfprintf.o)
                0x0800599c                _vfprintf_r
                0x0800599c                _vfiprintf_r
 .text._printf_common
                0x08005bc8       0xec c:/program files (x86)/atollic/truestudio for arm 8.0.0/armtools/bin/../lib/gcc/arm-atollic-eabi/6.3.1/../../../../arm-atollic-eabi/lib/armv7e-m/softfp\libc_nano.a(lib_a-nano-vfprintf_i.o)
                0x08005bc8                _printf_common
 .text._printf_i
                0x08005cb4      0x240 c:/program files (x86)/atollic/truestudio for arm 8.0.0/armtools/bin/../lib/gcc/arm-atollic-eabi/6.3.1/../../../../arm-atollic-eabi/lib/armv7e-m/softfp\libc_nano.a(lib_a-nano-vfprintf_i.o)
                0x08005cb4                _printf_i
 .text._sbrk_r  0x08005ef4       0x20 c:/program files (x86)/atollic/truestudio for arm 8.0.0/armtools/bin/../lib/gcc/arm-atollic-eabi/6.3.1/../../../../arm-atollic-eabi/lib/armv7e-m/softfp\libc_nano.a(lib_a-sbrkr.o)
                0x08005ef4                _sbrk_r
 .text.__sread  0x08005f14       0x22 c:/program files (x86)/atollic/truestudio for arm 8.0.0/armtools/bin/../lib/gcc/arm-atollic-eabi/6.3.1/../../../../arm-atollic-eabi/lib/armv7e-m/softfp\libc_nano.a(lib_a-stdio.o)
                0x08005f14                __sread
 .text.__swrite
                0x08005f36       0x38 c:/program files (x86)/atollic/truestudio for arm 8.0.0/armtools/bin/../lib/gcc/arm-atollic-eabi/6.3.1/../../../../arm-atollic-eabi/lib/armv7e-m/softfp\libc_nano.a(lib_a-stdio.o)
                0x08005f36                __swrite
 .text.__sseek  0x08005f6e       0x24 c:/program files (x86)/atollic/truestudio for arm 8.0.0/armtools/bin/../lib/gcc/arm-atollic-eabi/6.3.1/../../../../arm-atollic-eabi/lib/armv7e-m/softfp\libc_nano.a(lib_a-stdio.o)
                0x08005f6e                __sseek
 .text.__sclose
                0x08005f92        0x8 c:/program files (x86)/atollic/truestudio for arm 8.0.0/armtools/bin/../lib/gcc/arm-atollic-eabi/6.3.1/../../../../arm-atollic-eabi/lib/armv7e-m/softfp\libc_nano.a(lib_a-stdio.o)
                0x08005f92                __sclose
 *fill*         0x08005f9a        0x2 
 .text._write_r
                0x08005f9c       0x24 c:/program files (x86)/atollic/truestudio for arm 8.0.0/armtools/bin/../lib/gcc/arm-atollic-eabi/6.3.1/../../../../arm-atollic-eabi/lib/armv7e-m/softfp\libc_nano.a(lib_a-writer.o)
                0x08005f9c                _write_r
 .text._close_r
                0x08005fc0       0x20 c:/program files (x86)/atollic/truestudio for arm 8.0.0/armtools/bin/../lib/gcc/arm-atollic-eabi/6.3.1/../../../../arm-atollic-eabi/lib/armv7e-m/softfp\libc_nano.a(lib_a-closer.o)
                0x08005fc0                _close_r
 .text._fstat_r
                0x08005fe0       0x24 c:/program files (x86)/atollic/truestudio for arm 8.0.0/armtools/bin/../lib/gcc/arm-atollic-eabi/6.3.1/../../../../arm-atollic-eabi/lib/armv7e-m/softfp\libc_nano.a(lib_a-fstatr.o)
                0x08005fe0                _fstat_r
 .text._isatty_r
                0x08006004       0x20 c:/program files (x86)/atollic/truestudio for arm 8.0.0/armtools/bin/../lib/gcc/arm-atollic-eabi/6.3.1/../../../../arm-atollic-eabi/lib/armv7e-m/softfp\libc_nano.a(lib_a-isattyr.o)
                0x08006004                _isatty_r
 .text._lseek_r
                0x08006024       0x24 c:/program files (x86)/atollic/truestudio for arm 8.0.0/armtools/bin/../lib/gcc/arm-atollic-eabi/6.3.1/../../../../arm-atollic-eabi/lib/armv7e-m/softfp\libc_nano.a(lib_a-lseekr.o)
                0x08006024                _lseek_r
 .text.__malloc_lock
                0x08006048        0x2 c:/program files (x86)/atollic/truestudio for arm 8.0.0/armtools/bin/../lib/gcc/arm-atollic-eabi/6.3.1/../../../../arm-atollic-eabi/lib/armv7e-m/softfp\libc_nano.a(lib_a-mlock.o)
                0x08006048                __malloc_lock
 .text.__malloc_unlock
                0x0800604a        0x2 c:/program files (x86)/atollic/truestudio for arm 8.0.0/armtools/bin/../lib/gcc/arm-atollic-eabi/6.3.1/../../../../arm-atollic-eabi/lib/armv7e-m/softfp\libc_nano.a(lib_a-mlock.o)
                0x0800604a                __malloc_unlock
 .text._read_r  0x0800604c       0x24 c:/program files (x86)/atollic/truestudio for arm 8.0.0/armtools/bin/../lib/gcc/arm-atollic-eabi/6.3.1/../../../../arm-atollic-eabi/lib/armv7e-m/softfp\libc_nano.a(lib_a-readr.o)
                0x0800604c                _read_r
 .text.sqrt     0x08006070       0xa8 c:/program files (x86)/atollic/truestudio for arm 8.0.0/armtools/bin/../lib/gcc/arm-atollic-eabi/6.3.1/../../../../arm-atollic-eabi/lib/armv7e-m/softfp\libm.a(lib_a-w_sqrt.o)
                0x08006070                sqrt
 .text.__ieee754_sqrt
                0x08006118      0x158 c:/program files (x86)/atollic/truestudio for arm 8.0.0/armtools/bin/../lib/gcc/arm-atollic-eabi/6.3.1/../../../../arm-atollic-eabi/lib/armv7e-m/softfp\libm.a(lib_a-e_sqrt.o)
                0x08006118                __ieee754_sqrt
 .text.matherr  0x08006270        0x4 c:/program files (x86)/atollic/truestudio for arm 8.0.0/armtools/bin/../lib/gcc/arm-atollic-eabi/6.3.1/../../../../arm-atollic-eabi/lib/armv7e-m/softfp\libm.a(lib_a-s_matherr.o)
                0x08006270                matherr
 .text.__errno  0x08006274        0xc c:/program files (x86)/atollic/truestudio for arm 8.0.0/armtools/bin/../lib/gcc/arm-atollic-eabi/6.3.1/../../../../arm-atollic-eabi/lib/armv7e-m/softfp\libc_nano.a(lib_a-errno.o)
                0x08006274                __errno
 .text._close   0x08006280       0x10 c:/program files (x86)/atollic/truestudio for arm 8.0.0/armtools/bin/../lib/gcc/arm-atollic-eabi/6.3.1/../../../../arm-atollic-eabi/lib/armv7e-m/softfp\libnosys.a(close.o)
                0x08006280                _close
 .text._fstat   0x08006290       0x10 c:/program files (x86)/atollic/truestudio for arm 8.0.0/armtools/bin/../lib/gcc/arm-atollic-eabi/6.3.1/../../../../arm-atollic-eabi/lib/armv7e-m/softfp\libnosys.a(fstat.o)
                0x08006290                _fstat
 .text._isatty  0x080062a0       0x10 c:/program files (x86)/atollic/truestudio for arm 8.0.0/armtools/bin/../lib/gcc/arm-atollic-eabi/6.3.1/../../../../arm-atollic-eabi/lib/armv7e-m/softfp\libnosys.a(isatty.o)
                0x080062a0                _isatty
 .text._lseek   0x080062b0       0x10 c:/program files (x86)/atollic/truestudio for arm 8.0.0/armtools/bin/../lib/gcc/arm-atollic-eabi/6.3.1/../../../../arm-atollic-eabi/lib/armv7e-m/softfp\libnosys.a(lseek.o)
                0x080062b0                _lseek
 .text._read    0x080062c0       0x10 c:/program files (x86)/atollic/truestudio for arm 8.0.0/armtools/bin/../lib/gcc/arm-atollic-eabi/6.3.1/../../../../arm-atollic-eabi/lib/armv7e-m/softfp\libnosys.a(read.o)
                0x080062c0                _read
 .text._sbrk    0x080062d0       0x1c c:/program files (x86)/atollic/truestudio for arm 8.0.0/armtools/bin/../lib/gcc/arm-atollic-eabi/6.3.1/../../../../arm-atollic-eabi/lib/armv7e-m/softfp\libnosys.a(sbrk.o)
                0x080062d0                _sbrk
 *(.glue_7)
 .glue_7        0x080062ec        0x0 linker stubs
 *(.glue_7t)
 .glue_7t       0x080062ec        0x0 linker stubs
 *(.eh_frame)
 .eh_frame      0x080062ec        0x0 c:/program files (x86)/atollic/truestudio for arm 8.0.0/armtools/bin/../lib/gcc/arm-atollic-eabi/6.3.1/armv7e-m/softfp/crtbegin.o
 *(.init)
 .init          0x080062ec        0x4 c:/program files (x86)/atollic/truestudio for arm 8.0.0/armtools/bin/../lib/gcc/arm-atollic-eabi/6.3.1/armv7e-m/softfp/crti.o
                0x080062ec                _init
 .init          0x080062f0        0x8 c:/program files (x86)/atollic/truestudio for arm 8.0.0/armtools/bin/../lib/gcc/arm-atollic-eabi/6.3.1/armv7e-m/softfp/crtn.o
 *(.fini)
 .fini          0x080062f8        0x4 c:/program files (x86)/atollic/truestudio for arm 8.0.0/armtools/bin/../lib/gcc/arm-atollic-eabi/6.3.1/armv7e-m/softfp/crti.o
                0x080062f8                _fini
 .fini          0x080062fc        0x8 c:/program files (x86)/atollic/truestudio for arm 8.0.0/armtools/bin/../lib/gcc/arm-atollic-eabi/6.3.1/armv7e-m/softfp/crtn.o
                0x08006304                . = ALIGN (0x4)
                0x08006304                _etext = .

.vfp11_veneer   0x08006304        0x0
 .vfp11_veneer  0x08006304        0x0 linker stubs

.v4_bx          0x08006304        0x0
 .v4_bx         0x08006304        0x0 linker stubs

.iplt           0x08006304        0x0
 .iplt          0x08006304        0x0 c:/program files (x86)/atollic/truestudio for arm 8.0.0/armtools/bin/../lib/gcc/arm-atollic-eabi/6.3.1/armv7e-m/softfp/crtbegin.o

.rodata         0x08006304      0x16c
                0x08006304                . = ALIGN (0x4)
 *(.rodata)
 *(.rodata*)
 .rodata.aPLLMULFactorTable
                0x08006304       0x10 Drivers\STM32F3xx_HAL_Driver\Src\stm32f3xx_hal_rcc.o
                0x08006304                aPLLMULFactorTable
 .rodata.aPredivFactorTable
                0x08006314       0x10 Drivers\STM32F3xx_HAL_Driver\Src\stm32f3xx_hal_rcc.o
                0x08006314                aPredivFactorTable
 .rodata.CSWTCH.45
                0x08006324        0x4 Drivers\STM32F3xx_HAL_Driver\Src\stm32f3xx_hal_uart.o
 .rodata.printSettings.str1.4
                0x08006328       0x46 Src\proxSenseI2C.o
 *fill*         0x0800636e        0x2 
 .rodata.HAL_ADC_MspInit.str1.4
                0x08006370       0x1b Src\stm32f3xx_hal_msp.o
 *fill*         0x0800638b        0x1 
 .rodata.AHBPrescTable
                0x0800638c       0x10 Src\system_stm32f3xx.o
                0x0800638c                AHBPrescTable
 .rodata.APBPrescTable
                0x0800639c        0x8 Src\system_stm32f3xx.o
                0x0800639c                APBPrescTable
 .rodata.DecodeCommand.str1.4
                0x080063a4       0x1d Src\uart.o
 *fill*         0x080063c1        0x3 
 .rodata.str1.4
                0x080063c4       0x10 Src\uart.o
                                  0xe (size before relaxing)
 .rodata.__sf_fake_stderr
                0x080063d4       0x20 c:/program files (x86)/atollic/truestudio for arm 8.0.0/armtools/bin/../lib/gcc/arm-atollic-eabi/6.3.1/../../../../arm-atollic-eabi/lib/armv7e-m/softfp\libc_nano.a(lib_a-findfp.o)
                0x080063d4                __sf_fake_stderr
 .rodata.__sf_fake_stdin
                0x080063f4       0x20 c:/program files (x86)/atollic/truestudio for arm 8.0.0/armtools/bin/../lib/gcc/arm-atollic-eabi/6.3.1/../../../../arm-atollic-eabi/lib/armv7e-m/softfp\libc_nano.a(lib_a-findfp.o)
                0x080063f4                __sf_fake_stdin
 .rodata.__sf_fake_stdout
                0x08006414       0x20 c:/program files (x86)/atollic/truestudio for arm 8.0.0/armtools/bin/../lib/gcc/arm-atollic-eabi/6.3.1/../../../../arm-atollic-eabi/lib/armv7e-m/softfp\libc_nano.a(lib_a-findfp.o)
                0x08006414                __sf_fake_stdout
 .rodata._global_impure_ptr
                0x08006434        0x4 c:/program files (x86)/atollic/truestudio for arm 8.0.0/armtools/bin/../lib/gcc/arm-atollic-eabi/6.3.1/../../../../arm-atollic-eabi/lib/armv7e-m/softfp\libc_nano.a(lib_a-impure.o)
                0x08006434                _global_impure_ptr
 .rodata._vfprintf_r.str1.1
                0x08006438       0x11 c:/program files (x86)/atollic/truestudio for arm 8.0.0/armtools/bin/../lib/gcc/arm-atollic-eabi/6.3.1/../../../../arm-atollic-eabi/lib/armv7e-m/softfp\libc_nano.a(lib_a-nano-vfprintf.o)
 .rodata._printf_i.str1.1
                0x08006449       0x22 c:/program files (x86)/atollic/truestudio for arm 8.0.0/armtools/bin/../lib/gcc/arm-atollic-eabi/6.3.1/../../../../arm-atollic-eabi/lib/armv7e-m/softfp\libc_nano.a(lib_a-nano-vfprintf_i.o)
 .rodata.sqrt.str1.1
                0x0800646b        0x5 c:/program files (x86)/atollic/truestudio for arm 8.0.0/armtools/bin/../lib/gcc/arm-atollic-eabi/6.3.1/../../../../arm-atollic-eabi/lib/armv7e-m/softfp\libm.a(lib_a-w_sqrt.o)
                0x08006470                . = ALIGN (0x4)

.rel.dyn        0x08006470        0x0
 .rel.iplt      0x08006470        0x0 c:/program files (x86)/atollic/truestudio for arm 8.0.0/armtools/bin/../lib/gcc/arm-atollic-eabi/6.3.1/armv7e-m/softfp/crtbegin.o

.ARM.extab
 *(.ARM.extab* .gnu.linkonce.armextab.*)

.ARM            0x08006470        0x0
                0x08006470                __exidx_start = .
 *(.ARM.exidx*)
                0x08006470                __exidx_end = .

.preinit_array  0x08006470        0x0
                0x08006470                PROVIDE (__preinit_array_start, .)
 *(.preinit_array*)
                0x08006470                PROVIDE (__preinit_array_end, .)

.init_array     0x08006470        0x4
                0x08006470                PROVIDE (__init_array_start, .)
 *(SORT(.init_array.*))
 *(.init_array*)
 .init_array    0x08006470        0x4 c:/program files (x86)/atollic/truestudio for arm 8.0.0/armtools/bin/../lib/gcc/arm-atollic-eabi/6.3.1/armv7e-m/softfp/crtbegin.o
                0x08006474                PROVIDE (__init_array_end, .)

.fini_array     0x08006474        0x4
                [!provide]                PROVIDE (__fini_array_start, .)
 *(SORT(.fini_array.*))
 *(.fini_array*)
 .fini_array    0x08006474        0x4 c:/program files (x86)/atollic/truestudio for arm 8.0.0/armtools/bin/../lib/gcc/arm-atollic-eabi/6.3.1/armv7e-m/softfp/crtbegin.o
                [!provide]                PROVIDE (__fini_array_end, .)
                0x08006478                _sidata = LOADADDR (.data)

.data           0x20000000       0x80 load address 0x08006478
                0x20000000                . = ALIGN (0x4)
                0x20000000                _sdata = .
 *(.data)
 *(.data*)
 .data.coordBytes
                0x20000000        0x2 Src\proxSenseI2C.o
                0x20000000                coordBytes
 .data.rotaryAddr
                0x20000002        0x2 Src\proxSenseI2C.o
                0x20000002                rotaryAddr
 .data.settings
                0x20000004        0x5 Src\proxSenseI2C.o
                0x20000004                settings
 *fill*         0x20000009        0x1 
 .data.settingsBytes
                0x2000000a        0x2 Src\proxSenseI2C.o
                0x2000000a                settingsBytes
 .data.sliderAddr
                0x2000000c        0x2 Src\proxSenseI2C.o
                0x2000000c                sliderAddr
 .data.touchBytes
                0x2000000e        0x2 Src\proxSenseI2C.o
                0x2000000e                touchBytes
 .data.SystemCoreClock
                0x20000010        0x4 Src\system_stm32f3xx.o
                0x20000010                SystemCoreClock
 .data.TXMSG_STUDENTNUM
                0x20000014        0x4 Src\uart.o
                0x20000014                TXMSG_STUDENTNUM
 .data._impure_ptr
                0x20000018        0x4 c:/program files (x86)/atollic/truestudio for arm 8.0.0/armtools/bin/../lib/gcc/arm-atollic-eabi/6.3.1/../../../../arm-atollic-eabi/lib/armv7e-m/softfp\libc_nano.a(lib_a-impure.o)
                0x20000018                _impure_ptr
 .data.impure_data
                0x2000001c       0x60 c:/program files (x86)/atollic/truestudio for arm 8.0.0/armtools/bin/../lib/gcc/arm-atollic-eabi/6.3.1/../../../../arm-atollic-eabi/lib/armv7e-m/softfp\libc_nano.a(lib_a-impure.o)
 .data.__fdlib_version
                0x2000007c        0x1 c:/program files (x86)/atollic/truestudio for arm 8.0.0/armtools/bin/../lib/gcc/arm-atollic-eabi/6.3.1/../../../../arm-atollic-eabi/lib/armv7e-m/softfp\libm.a(lib_a-s_lib_ver.o)
                0x2000007c                __fdlib_version
                0x20000080                . = ALIGN (0x4)
 *fill*         0x2000007d        0x3 
                0x20000080                _edata = .
                0x080064f8                _siccmram = LOADADDR (.ccmram)

.igot.plt       0x20000080        0x0 load address 0x080064f8
 .igot.plt      0x20000080        0x0 c:/program files (x86)/atollic/truestudio for arm 8.0.0/armtools/bin/../lib/gcc/arm-atollic-eabi/6.3.1/armv7e-m/softfp/crtbegin.o

.ccmram         0x10000000        0x0 load address 0x080064f8
                0x10000000                . = ALIGN (0x4)
                0x10000000                _sccmram = .
 *(.ccmram)
 *(.ccmram*)
                0x10000000                . = ALIGN (0x4)
                0x10000000                _eccmram = .
                0x10000000                . = ALIGN (0x4)

.bss            0x20000080      0x328
                0x20000080                _sbss = .
                0x20000080                __bss_start__ = _sbss
 *(.bss)
 .bss           0x20000080       0x1c c:/program files (x86)/atollic/truestudio for arm 8.0.0/armtools/bin/../lib/gcc/arm-atollic-eabi/6.3.1/armv7e-m/softfp/crtbegin.o
 *(.bss*)
 .bss.flowCount
                0x2000009c        0x4 Src\GPIO_input.o
                0x2000009c                flowCount
 .bss.lastInterruptTime
                0x200000a0        0x4 Src\GPIO_input.o
                0x200000a0                lastInterruptTime
 .bss.waterFlowFlag
                0x200000a4        0x1 Src\GPIO_input.o
                0x200000a4                waterFlowFlag
 *fill*         0x200000a5        0x1 
 .bss.ambientTemp
                0x200000a6        0x2 Src\adc.o
                0x200000a6                ambientTemp
 .bss.currentRMS
                0x200000a8        0x4 Src\adc.o
                0x200000a8                currentRMS
 .bss.heaterTemp
                0x200000ac        0x2 Src\adc.o
                0x200000ac                heaterTemp
 *fill*         0x200000ae        0x2 
 .bss.rmsCurrentSum
                0x200000b0        0x4 Src\adc.o
                0x200000b0                rmsCurrentSum
 .bss.rmsVoltageSum
                0x200000b4        0x4 Src\adc.o
                0x200000b4                rmsVoltageSum
 .bss.sampleCurrent
                0x200000b8        0x4 Src\adc.o
                0x200000b8                sampleCurrent
 .bss.sampleVoltage
                0x200000bc        0x4 Src\adc.o
                0x200000bc                sampleVoltage
 .bss.sumCount  0x200000c0        0x1 Src\adc.o
                0x200000c0                sumCount
 *fill*         0x200000c1        0x3 
 .bss.voltageRMS
                0x200000c4        0x4 Src\adc.o
                0x200000c4                voltageRMS
 .bss.addressFlag
                0x200000c8        0x1 Src\proxSenseI2C.o
                0x200000c8                addressFlag
 .bss.comStatus
                0x200000c9        0x1 Src\proxSenseI2C.o
                0x200000c9                comStatus
 .bss.sliderBusyFlag
                0x200000ca        0x1 Src\proxSenseI2C.o
                0x200000ca                sliderBusyFlag
 *fill*         0x200000cb        0x1 
 .bss.currentTime
                0x200000cc        0x4 Src\stm32f3xx_it.o
                0x200000cc                currentTime
 .bss.__malloc_free_list
                0x200000d0        0x4 c:/program files (x86)/atollic/truestudio for arm 8.0.0/armtools/bin/../lib/gcc/arm-atollic-eabi/6.3.1/../../../../arm-atollic-eabi/lib/armv7e-m/softfp\libc_nano.a(lib_a-nano-mallocr.o)
                0x200000d0                __malloc_free_list
 .bss.__malloc_sbrk_start
                0x200000d4        0x4 c:/program files (x86)/atollic/truestudio for arm 8.0.0/armtools/bin/../lib/gcc/arm-atollic-eabi/6.3.1/../../../../arm-atollic-eabi/lib/armv7e-m/softfp\libc_nano.a(lib_a-nano-mallocr.o)
                0x200000d4                __malloc_sbrk_start
 .bss.heap_end.5239
                0x200000d8        0x4 c:/program files (x86)/atollic/truestudio for arm 8.0.0/armtools/bin/../lib/gcc/arm-atollic-eabi/6.3.1/../../../../arm-atollic-eabi/lib/armv7e-m/softfp\libnosys.a(sbrk.o)
 *(COMMON)
 COMMON         0x200000dc        0x4 Drivers\STM32F3xx_HAL_Driver\Src\stm32f3xx_hal.o
                0x200000dc                uwTick
 COMMON         0x200000e0        0x7 Src\SevSeg.o
                0x200000e0                digitCount
                0x200000e4                tempratureString
 *fill*         0x200000e7        0x1 
 COMMON         0x200000e8        0x8 Src\adc.o
                0x200000e8                adc1_Val
 COMMON         0x200000f0      0x1e8 Src\main.o
                0x200000f0                temp_setpoint
                0x200000f4                it_count
                0x200000f8                hi2c1
                0x20000144                rtcDate
                0x20000148                loggingState
                0x2000014c                hadc1
                0x200001a0                heatingScheduleState
                0x200001a4                huart1
                0x20000214                hdma_adc1
                0x20000258                heaterState
                0x2000025c                hrtc
                0x2000027c                rtcTime
                0x20000290                valveState
                0x20000294                htim2
                0x200002d4                rtcTimeTotal
 COMMON         0x200002d8        0xc Src\proxSenseI2C.o
                0x200002d8                settingsBuff
                0x200002e2                slideCBuff
                0x200002e3                rotatoCBuff
 COMMON         0x200002e4       0xbd Src\uart.o
                0x200002e4                MM1
                0x200002e5                SS1
                0x200002e8                cmdbuffer
                0x2000031c                setTime
                0x20000330                MM2
                0x20000334                txbuffer
                0x20000366                HH2
                0x20000368                cmdbufpos
                0x2000036a                HH1
                0x2000036b                rxchar
                0x2000036c                SS2
                0x2000036d                window
                0x20000370                heatingSchedule
                0x200003a0                decrement
 *fill*         0x200003a1        0x3 
 COMMON         0x200003a4        0x4 c:/program files (x86)/atollic/truestudio for arm 8.0.0/armtools/bin/../lib/gcc/arm-atollic-eabi/6.3.1/../../../../arm-atollic-eabi/lib/armv7e-m/softfp\libc_nano.a(lib_a-reent.o)
                0x200003a4                errno
                0x200003a8                . = ALIGN (0x4)
                0x200003a8                _ebss = .
                0x200003a8                __bss_end__ = _ebss

._user_heap_stack
                0x200003a8      0x600
                0x200003a8                . = ALIGN (0x4)
                0x200003a8                PROVIDE (end, .)
                [!provide]                PROVIDE (_end, .)
                0x200005a8                . = (. + _Min_Heap_Size)
 *fill*         0x200003a8      0x200 
                0x200009a8                . = (. + _Min_Stack_Size)
 *fill*         0x200005a8      0x400 
                0x200009a8                . = ALIGN (0x4)

/DISCARD/
 libc.a(*)
 libm.a(*)
 libgcc.a(*)

.ARM.attributes
                0x00000000       0x2e
 *(.ARM.attributes)
 .ARM.attributes
                0x00000000       0x22 c:/program files (x86)/atollic/truestudio for arm 8.0.0/armtools/bin/../lib/gcc/arm-atollic-eabi/6.3.1/armv7e-m/softfp/crti.o
 .ARM.attributes
                0x00000022       0x32 c:/program files (x86)/atollic/truestudio for arm 8.0.0/armtools/bin/../lib/gcc/arm-atollic-eabi/6.3.1/armv7e-m/softfp/crtbegin.o
 .ARM.attributes
                0x00000054       0x37 Drivers\STM32F3xx_HAL_Driver\Src\stm32f3xx_hal.o
 .ARM.attributes
                0x0000008b       0x37 Drivers\STM32F3xx_HAL_Driver\Src\stm32f3xx_hal_adc.o
 .ARM.attributes
                0x000000c2       0x37 Drivers\STM32F3xx_HAL_Driver\Src\stm32f3xx_hal_adc_ex.o
 .ARM.attributes
                0x000000f9       0x37 Drivers\STM32F3xx_HAL_Driver\Src\stm32f3xx_hal_cortex.o
 .ARM.attributes
                0x00000130       0x37 Drivers\STM32F3xx_HAL_Driver\Src\stm32f3xx_hal_dma.o
 .ARM.attributes
                0x00000167       0x37 Drivers\STM32F3xx_HAL_Driver\Src\stm32f3xx_hal_gpio.o
 .ARM.attributes
                0x0000019e       0x37 Drivers\STM32F3xx_HAL_Driver\Src\stm32f3xx_hal_i2c.o
 .ARM.attributes
                0x000001d5       0x37 Drivers\STM32F3xx_HAL_Driver\Src\stm32f3xx_hal_i2c_ex.o
 .ARM.attributes
                0x0000020c       0x37 Drivers\STM32F3xx_HAL_Driver\Src\stm32f3xx_hal_rcc.o
 .ARM.attributes
                0x00000243       0x37 Drivers\STM32F3xx_HAL_Driver\Src\stm32f3xx_hal_rcc_ex.o
 .ARM.attributes
                0x0000027a       0x37 Drivers\STM32F3xx_HAL_Driver\Src\stm32f3xx_hal_rtc.o
 .ARM.attributes
                0x000002b1       0x37 Drivers\STM32F3xx_HAL_Driver\Src\stm32f3xx_hal_rtc_ex.o
 .ARM.attributes
                0x000002e8       0x37 Drivers\STM32F3xx_HAL_Driver\Src\stm32f3xx_hal_tim.o
 .ARM.attributes
                0x0000031f       0x37 Drivers\STM32F3xx_HAL_Driver\Src\stm32f3xx_hal_tim_ex.o
 .ARM.attributes
                0x00000356       0x37 Drivers\STM32F3xx_HAL_Driver\Src\stm32f3xx_hal_uart.o
 .ARM.attributes
                0x0000038d       0x37 Drivers\STM32F3xx_HAL_Driver\Src\stm32f3xx_hal_uart_ex.o
 .ARM.attributes
                0x000003c4       0x37 Src\GPIO_input.o
 .ARM.attributes
                0x000003fb       0x37 Src\SevSeg.o
 .ARM.attributes
                0x00000432       0x37 Src\adc.o
 .ARM.attributes
                0x00000469       0x37 Src\main.o
 .ARM.attributes
                0x000004a0       0x37 Src\proxSenseI2C.o
 .ARM.attributes
                0x000004d7       0x37 Src\stm32f3xx_hal_msp.o
 .ARM.attributes
                0x0000050e       0x37 Src\stm32f3xx_it.o
 .ARM.attributes
                0x00000545       0x37 Src\system_stm32f3xx.o
 .ARM.attributes
                0x0000057c       0x37 Src\uart.o
 .ARM.attributes
                0x000005b3       0x21 startup\startup_stm32f334x8.o
 .ARM.attributes
                0x000005d4       0x32 c:/program files (x86)/atollic/truestudio for arm 8.0.0/armtools/bin/../lib/gcc/arm-atollic-eabi/6.3.1/../../../../arm-atollic-eabi/lib/armv7e-m/softfp\libc_nano.a(lib_a-init.o)
 .ARM.attributes
                0x00000606       0x32 c:/program files (x86)/atollic/truestudio for arm 8.0.0/armtools/bin/../lib/gcc/arm-atollic-eabi/6.3.1/../../../../arm-atollic-eabi/lib/armv7e-m/softfp\libc_nano.a(lib_a-printf.o)
 .ARM.attributes
                0x00000638       0x32 c:/program files (x86)/atollic/truestudio for arm 8.0.0/armtools/bin/../lib/gcc/arm-atollic-eabi/6.3.1/../../../../arm-atollic-eabi/lib/armv7e-m/softfp\libc_nano.a(lib_a-wbuf.o)
 .ARM.attributes
                0x0000066a       0x32 c:/program files (x86)/atollic/truestudio for arm 8.0.0/armtools/bin/../lib/gcc/arm-atollic-eabi/6.3.1/../../../../arm-atollic-eabi/lib/armv7e-m/softfp\libc_nano.a(lib_a-wsetup.o)
 .ARM.attributes
                0x0000069c       0x32 c:/program files (x86)/atollic/truestudio for arm 8.0.0/armtools/bin/../lib/gcc/arm-atollic-eabi/6.3.1/../../../../arm-atollic-eabi/lib/armv7e-m/softfp\libc_nano.a(lib_a-fflush.o)
 .ARM.attributes
                0x000006ce       0x32 c:/program files (x86)/atollic/truestudio for arm 8.0.0/armtools/bin/../lib/gcc/arm-atollic-eabi/6.3.1/../../../../arm-atollic-eabi/lib/armv7e-m/softfp\libc_nano.a(lib_a-findfp.o)
 .ARM.attributes
                0x00000700       0x32 c:/program files (x86)/atollic/truestudio for arm 8.0.0/armtools/bin/../lib/gcc/arm-atollic-eabi/6.3.1/../../../../arm-atollic-eabi/lib/armv7e-m/softfp\libc_nano.a(lib_a-fwalk.o)
 .ARM.attributes
                0x00000732       0x32 c:/program files (x86)/atollic/truestudio for arm 8.0.0/armtools/bin/../lib/gcc/arm-atollic-eabi/6.3.1/../../../../arm-atollic-eabi/lib/armv7e-m/softfp\libc_nano.a(lib_a-impure.o)
 .ARM.attributes
                0x00000764       0x32 c:/program files (x86)/atollic/truestudio for arm 8.0.0/armtools/bin/../lib/gcc/arm-atollic-eabi/6.3.1/../../../../arm-atollic-eabi/lib/armv7e-m/softfp\libc_nano.a(lib_a-makebuf.o)
 .ARM.attributes
                0x00000796       0x32 c:/program files (x86)/atollic/truestudio for arm 8.0.0/armtools/bin/../lib/gcc/arm-atollic-eabi/6.3.1/../../../../arm-atollic-eabi/lib/armv7e-m/softfp\libc_nano.a(lib_a-memset.o)
 .ARM.attributes
                0x000007c8       0x32 c:/program files (x86)/atollic/truestudio for arm 8.0.0/armtools/bin/../lib/gcc/arm-atollic-eabi/6.3.1/../../../../arm-atollic-eabi/lib/armv7e-m/softfp\libc_nano.a(lib_a-nano-freer.o)
 .ARM.attributes
                0x000007fa       0x32 c:/program files (x86)/atollic/truestudio for arm 8.0.0/armtools/bin/../lib/gcc/arm-atollic-eabi/6.3.1/../../../../arm-atollic-eabi/lib/armv7e-m/softfp\libc_nano.a(lib_a-nano-mallocr.o)
 .ARM.attributes
                0x0000082c       0x32 c:/program files (x86)/atollic/truestudio for arm 8.0.0/armtools/bin/../lib/gcc/arm-atollic-eabi/6.3.1/../../../../arm-atollic-eabi/lib/armv7e-m/softfp\libc_nano.a(lib_a-nano-vfprintf.o)
 .ARM.attributes
                0x0000085e       0x32 c:/program files (x86)/atollic/truestudio for arm 8.0.0/armtools/bin/../lib/gcc/arm-atollic-eabi/6.3.1/../../../../arm-atollic-eabi/lib/armv7e-m/softfp\libc_nano.a(lib_a-nano-vfprintf_i.o)
 .ARM.attributes
                0x00000890       0x32 c:/program files (x86)/atollic/truestudio for arm 8.0.0/armtools/bin/../lib/gcc/arm-atollic-eabi/6.3.1/../../../../arm-atollic-eabi/lib/armv7e-m/softfp\libc_nano.a(lib_a-sbrkr.o)
 .ARM.attributes
                0x000008c2       0x32 c:/program files (x86)/atollic/truestudio for arm 8.0.0/armtools/bin/../lib/gcc/arm-atollic-eabi/6.3.1/../../../../arm-atollic-eabi/lib/armv7e-m/softfp\libc_nano.a(lib_a-stdio.o)
 .ARM.attributes
                0x000008f4       0x32 c:/program files (x86)/atollic/truestudio for arm 8.0.0/armtools/bin/../lib/gcc/arm-atollic-eabi/6.3.1/../../../../arm-atollic-eabi/lib/armv7e-m/softfp\libc_nano.a(lib_a-writer.o)
 .ARM.attributes
                0x00000926       0x32 c:/program files (x86)/atollic/truestudio for arm 8.0.0/armtools/bin/../lib/gcc/arm-atollic-eabi/6.3.1/../../../../arm-atollic-eabi/lib/armv7e-m/softfp\libc_nano.a(lib_a-closer.o)
 .ARM.attributes
                0x00000958       0x32 c:/program files (x86)/atollic/truestudio for arm 8.0.0/armtools/bin/../lib/gcc/arm-atollic-eabi/6.3.1/../../../../arm-atollic-eabi/lib/armv7e-m/softfp\libc_nano.a(lib_a-fstatr.o)
 .ARM.attributes
                0x0000098a       0x32 c:/program files (x86)/atollic/truestudio for arm 8.0.0/armtools/bin/../lib/gcc/arm-atollic-eabi/6.3.1/../../../../arm-atollic-eabi/lib/armv7e-m/softfp\libc_nano.a(lib_a-isattyr.o)
 .ARM.attributes
                0x000009bc       0x32 c:/program files (x86)/atollic/truestudio for arm 8.0.0/armtools/bin/../lib/gcc/arm-atollic-eabi/6.3.1/../../../../arm-atollic-eabi/lib/armv7e-m/softfp\libc_nano.a(lib_a-lseekr.o)
 .ARM.attributes
                0x000009ee       0x20 c:/program files (x86)/atollic/truestudio for arm 8.0.0/armtools/bin/../lib/gcc/arm-atollic-eabi/6.3.1/../../../../arm-atollic-eabi/lib/armv7e-m/softfp\libc_nano.a(lib_a-memchr.o)
 .ARM.attributes
                0x00000a0e       0x32 c:/program files (x86)/atollic/truestudio for arm 8.0.0/armtools/bin/../lib/gcc/arm-atollic-eabi/6.3.1/../../../../arm-atollic-eabi/lib/armv7e-m/softfp\libc_nano.a(lib_a-mlock.o)
 .ARM.attributes
                0x00000a40       0x32 c:/program files (x86)/atollic/truestudio for arm 8.0.0/armtools/bin/../lib/gcc/arm-atollic-eabi/6.3.1/../../../../arm-atollic-eabi/lib/armv7e-m/softfp\libc_nano.a(lib_a-readr.o)
 .ARM.attributes
                0x00000a72       0x32 c:/program files (x86)/atollic/truestudio for arm 8.0.0/armtools/bin/../lib/gcc/arm-atollic-eabi/6.3.1/../../../../arm-atollic-eabi/lib/armv7e-m/softfp\libc_nano.a(lib_a-reent.o)
 .ARM.attributes
                0x00000aa4       0x32 c:/program files (x86)/atollic/truestudio for arm 8.0.0/armtools/bin/../lib/gcc/arm-atollic-eabi/6.3.1/../../../../arm-atollic-eabi/lib/armv7e-m/softfp\libm.a(lib_a-w_sqrt.o)
 .ARM.attributes
                0x00000ad6       0x32 c:/program files (x86)/atollic/truestudio for arm 8.0.0/armtools/bin/../lib/gcc/arm-atollic-eabi/6.3.1/../../../../arm-atollic-eabi/lib/armv7e-m/softfp\libm.a(lib_a-e_sqrt.o)
 .ARM.attributes
                0x00000b08       0x32 c:/program files (x86)/atollic/truestudio for arm 8.0.0/armtools/bin/../lib/gcc/arm-atollic-eabi/6.3.1/../../../../arm-atollic-eabi/lib/armv7e-m/softfp\libm.a(lib_a-s_lib_ver.o)
 .ARM.attributes
                0x00000b3a       0x32 c:/program files (x86)/atollic/truestudio for arm 8.0.0/armtools/bin/../lib/gcc/arm-atollic-eabi/6.3.1/../../../../arm-atollic-eabi/lib/armv7e-m/softfp\libm.a(lib_a-s_matherr.o)
 .ARM.attributes
                0x00000b6c       0x32 c:/program files (x86)/atollic/truestudio for arm 8.0.0/armtools/bin/../lib/gcc/arm-atollic-eabi/6.3.1/../../../../arm-atollic-eabi/lib/armv7e-m/softfp\libc_nano.a(lib_a-errno.o)
 .ARM.attributes
                0x00000b9e       0x22 c:/program files (x86)/atollic/truestudio for arm 8.0.0/armtools/bin/../lib/gcc/arm-atollic-eabi/6.3.1/armv7e-m/softfp\libgcc.a(_arm_addsubdf3.o)
 .ARM.attributes
                0x00000bc0       0x22 c:/program files (x86)/atollic/truestudio for arm 8.0.0/armtools/bin/../lib/gcc/arm-atollic-eabi/6.3.1/armv7e-m/softfp\libgcc.a(_arm_muldivdf3.o)
 .ARM.attributes
                0x00000be2       0x22 c:/program files (x86)/atollic/truestudio for arm 8.0.0/armtools/bin/../lib/gcc/arm-atollic-eabi/6.3.1/armv7e-m/softfp\libgcc.a(_arm_cmpdf2.o)
 .ARM.attributes
                0x00000c04       0x22 c:/program files (x86)/atollic/truestudio for arm 8.0.0/armtools/bin/../lib/gcc/arm-atollic-eabi/6.3.1/armv7e-m/softfp\libgcc.a(_arm_unorddf2.o)
 .ARM.attributes
                0x00000c26       0x22 c:/program files (x86)/atollic/truestudio for arm 8.0.0/armtools/bin/../lib/gcc/arm-atollic-eabi/6.3.1/armv7e-m/softfp\libgcc.a(_arm_fixdfsi.o)
 .ARM.attributes
                0x00000c48       0x22 c:/program files (x86)/atollic/truestudio for arm 8.0.0/armtools/bin/../lib/gcc/arm-atollic-eabi/6.3.1/armv7e-m/softfp\libgcc.a(_arm_fixunsdfsi.o)
 .ARM.attributes
                0x00000c6a       0x32 c:/program files (x86)/atollic/truestudio for arm 8.0.0/armtools/bin/../lib/gcc/arm-atollic-eabi/6.3.1/../../../../arm-atollic-eabi/lib/armv7e-m/softfp\libnosys.a(close.o)
 .ARM.attributes
                0x00000c9c       0x32 c:/program files (x86)/atollic/truestudio for arm 8.0.0/armtools/bin/../lib/gcc/arm-atollic-eabi/6.3.1/../../../../arm-atollic-eabi/lib/armv7e-m/softfp\libnosys.a(fstat.o)
 .ARM.attributes
                0x00000cce       0x32 c:/program files (x86)/atollic/truestudio for arm 8.0.0/armtools/bin/../lib/gcc/arm-atollic-eabi/6.3.1/../../../../arm-atollic-eabi/lib/armv7e-m/softfp\libnosys.a(isatty.o)
 .ARM.attributes
                0x00000d00       0x32 c:/program files (x86)/atollic/truestudio for arm 8.0.0/armtools/bin/../lib/gcc/arm-atollic-eabi/6.3.1/../../../../arm-atollic-eabi/lib/armv7e-m/softfp\libnosys.a(lseek.o)
 .ARM.attributes
                0x00000d32       0x32 c:/program files (x86)/atollic/truestudio for arm 8.0.0/armtools/bin/../lib/gcc/arm-atollic-eabi/6.3.1/../../../../arm-atollic-eabi/lib/armv7e-m/softfp\libnosys.a(read.o)
 .ARM.attributes
                0x00000d64       0x32 c:/program files (x86)/atollic/truestudio for arm 8.0.0/armtools/bin/../lib/gcc/arm-atollic-eabi/6.3.1/../../../../arm-atollic-eabi/lib/armv7e-m/softfp\libnosys.a(sbrk.o)
 .ARM.attributes
                0x00000d96       0x22 c:/program files (x86)/atollic/truestudio for arm 8.0.0/armtools/bin/../lib/gcc/arm-atollic-eabi/6.3.1/armv7e-m/softfp/crtn.o
OUTPUT(FollowTheSteps314.elf elf32-littlearm)

.debug_info     0x00000000    0x2bfd7
 .debug_info    0x00000000      0xf50 Drivers\STM32F3xx_HAL_Driver\Src\stm32f3xx_hal.o
 .debug_info    0x00000f50     0x12ee Drivers\STM32F3xx_HAL_Driver\Src\stm32f3xx_hal_adc.o
 .debug_info    0x0000223e     0x228d Drivers\STM32F3xx_HAL_Driver\Src\stm32f3xx_hal_adc_ex.o
 .debug_info    0x000044cb     0x1498 Drivers\STM32F3xx_HAL_Driver\Src\stm32f3xx_hal_cortex.o
 .debug_info    0x00005963     0x1042 Drivers\STM32F3xx_HAL_Driver\Src\stm32f3xx_hal_dma.o
 .debug_info    0x000069a5      0xf9a Drivers\STM32F3xx_HAL_Driver\Src\stm32f3xx_hal_gpio.o
 .debug_info    0x0000793f     0x44a6 Drivers\STM32F3xx_HAL_Driver\Src\stm32f3xx_hal_i2c.o
 .debug_info    0x0000bde5     0x114e Drivers\STM32F3xx_HAL_Driver\Src\stm32f3xx_hal_i2c_ex.o
 .debug_info    0x0000cf33     0x1b42 Drivers\STM32F3xx_HAL_Driver\Src\stm32f3xx_hal_rcc.o
 .debug_info    0x0000ea75      0xe8f Drivers\STM32F3xx_HAL_Driver\Src\stm32f3xx_hal_rcc_ex.o
 .debug_info    0x0000f904     0x18f2 Drivers\STM32F3xx_HAL_Driver\Src\stm32f3xx_hal_rtc.o
 .debug_info    0x000111f6     0x17a9 Drivers\STM32F3xx_HAL_Driver\Src\stm32f3xx_hal_rtc_ex.o
 .debug_info    0x0001299f     0x4051 Drivers\STM32F3xx_HAL_Driver\Src\stm32f3xx_hal_tim.o
 .debug_info    0x000169f0     0x1f18 Drivers\STM32F3xx_HAL_Driver\Src\stm32f3xx_hal_tim_ex.o
 .debug_info    0x00018908     0x227b Drivers\STM32F3xx_HAL_Driver\Src\stm32f3xx_hal_uart.o
 .debug_info    0x0001ab83     0x1133 Drivers\STM32F3xx_HAL_Driver\Src\stm32f3xx_hal_uart_ex.o
 .debug_info    0x0001bcb6     0x174d Src\GPIO_input.o
 .debug_info    0x0001d403     0x1a11 Src\SevSeg.o
 .debug_info    0x0001ee14     0x1c0f Src\adc.o
 .debug_info    0x00020a23     0x2b32 Src\main.o
 .debug_info    0x00023555     0x1c44 Src\proxSenseI2C.o
 .debug_info    0x00025199     0x221f Src\stm32f3xx_hal_msp.o
 .debug_info    0x000273b8     0x1da7 Src\stm32f3xx_it.o
 .debug_info    0x0002915f      0xc20 Src\system_stm32f3xx.o
 .debug_info    0x00029d7f     0x21e2 Src\uart.o
 .debug_info    0x0002bf61       0x76 startup\startup_stm32f334x8.o

.debug_abbrev   0x00000000     0x4881
 .debug_abbrev  0x00000000      0x2b3 Drivers\STM32F3xx_HAL_Driver\Src\stm32f3xx_hal.o
 .debug_abbrev  0x000002b3      0x24c Drivers\STM32F3xx_HAL_Driver\Src\stm32f3xx_hal_adc.o
 .debug_abbrev  0x000004ff      0x366 Drivers\STM32F3xx_HAL_Driver\Src\stm32f3xx_hal_adc_ex.o
 .debug_abbrev  0x00000865      0x374 Drivers\STM32F3xx_HAL_Driver\Src\stm32f3xx_hal_cortex.o
 .debug_abbrev  0x00000bd9      0x2b4 Drivers\STM32F3xx_HAL_Driver\Src\stm32f3xx_hal_dma.o
 .debug_abbrev  0x00000e8d      0x277 Drivers\STM32F3xx_HAL_Driver\Src\stm32f3xx_hal_gpio.o
 .debug_abbrev  0x00001104      0x3ea Drivers\STM32F3xx_HAL_Driver\Src\stm32f3xx_hal_i2c.o
 .debug_abbrev  0x000014ee      0x218 Drivers\STM32F3xx_HAL_Driver\Src\stm32f3xx_hal_i2c_ex.o
 .debug_abbrev  0x00001706      0x354 Drivers\STM32F3xx_HAL_Driver\Src\stm32f3xx_hal_rcc.o
 .debug_abbrev  0x00001a5a      0x316 Drivers\STM32F3xx_HAL_Driver\Src\stm32f3xx_hal_rcc_ex.o
 .debug_abbrev  0x00001d70      0x347 Drivers\STM32F3xx_HAL_Driver\Src\stm32f3xx_hal_rtc.o
 .debug_abbrev  0x000020b7      0x2d5 Drivers\STM32F3xx_HAL_Driver\Src\stm32f3xx_hal_rtc_ex.o
 .debug_abbrev  0x0000238c      0x3c3 Drivers\STM32F3xx_HAL_Driver\Src\stm32f3xx_hal_tim.o
 .debug_abbrev  0x0000274f      0x357 Drivers\STM32F3xx_HAL_Driver\Src\stm32f3xx_hal_tim_ex.o
 .debug_abbrev  0x00002aa6      0x3b2 Drivers\STM32F3xx_HAL_Driver\Src\stm32f3xx_hal_uart.o
 .debug_abbrev  0x00002e58      0x289 Drivers\STM32F3xx_HAL_Driver\Src\stm32f3xx_hal_uart_ex.o
 .debug_abbrev  0x000030e1      0x22f Src\GPIO_input.o
 .debug_abbrev  0x00003310      0x236 Src\SevSeg.o
 .debug_abbrev  0x00003546      0x2f3 Src\adc.o
 .debug_abbrev  0x00003839      0x358 Src\main.o
 .debug_abbrev  0x00003b91      0x25b Src\proxSenseI2C.o
 .debug_abbrev  0x00003dec      0x2e7 Src\stm32f3xx_hal_msp.o
 .debug_abbrev  0x000040d3      0x21d Src\stm32f3xx_it.o
 .debug_abbrev  0x000042f0      0x1ca Src\system_stm32f3xx.o
 .debug_abbrev  0x000044ba      0x3b5 Src\uart.o
 .debug_abbrev  0x0000486f       0x12 startup\startup_stm32f334x8.o

.debug_loc      0x00000000    0x137f2
 .debug_loc     0x00000000       0x69 Drivers\STM32F3xx_HAL_Driver\Src\stm32f3xx_hal.o
 .debug_loc     0x00000069      0x108 Drivers\STM32F3xx_HAL_Driver\Src\stm32f3xx_hal_adc.o
 .debug_loc     0x00000171     0x1c3c Drivers\STM32F3xx_HAL_Driver\Src\stm32f3xx_hal_adc_ex.o
 .debug_loc     0x00001dad      0x619 Drivers\STM32F3xx_HAL_Driver\Src\stm32f3xx_hal_cortex.o
 .debug_loc     0x000023c6      0x65a Drivers\STM32F3xx_HAL_Driver\Src\stm32f3xx_hal_dma.o
 .debug_loc     0x00002a20      0x3ba Drivers\STM32F3xx_HAL_Driver\Src\stm32f3xx_hal_gpio.o
 .debug_loc     0x00002dda     0x533b Drivers\STM32F3xx_HAL_Driver\Src\stm32f3xx_hal_i2c.o
 .debug_loc     0x00008115      0x196 Drivers\STM32F3xx_HAL_Driver\Src\stm32f3xx_hal_i2c_ex.o
 .debug_loc     0x000082ab      0x908 Drivers\STM32F3xx_HAL_Driver\Src\stm32f3xx_hal_rcc.o
 .debug_loc     0x00008bb3      0x4dd Drivers\STM32F3xx_HAL_Driver\Src\stm32f3xx_hal_rcc_ex.o
 .debug_loc     0x00009090     0x1095 Drivers\STM32F3xx_HAL_Driver\Src\stm32f3xx_hal_rtc.o
 .debug_loc     0x0000a125      0xd39 Drivers\STM32F3xx_HAL_Driver\Src\stm32f3xx_hal_rtc_ex.o
 .debug_loc     0x0000ae5e     0x491c Drivers\STM32F3xx_HAL_Driver\Src\stm32f3xx_hal_tim.o
 .debug_loc     0x0000f77a     0x164c Drivers\STM32F3xx_HAL_Driver\Src\stm32f3xx_hal_tim_ex.o
 .debug_loc     0x00010dc6     0x1770 Drivers\STM32F3xx_HAL_Driver\Src\stm32f3xx_hal_uart.o
 .debug_loc     0x00012536      0x360 Drivers\STM32F3xx_HAL_Driver\Src\stm32f3xx_hal_uart_ex.o
 .debug_loc     0x00012896       0xd8 Src\SevSeg.o
 .debug_loc     0x0001296e      0x145 Src\adc.o
 .debug_loc     0x00012ab3       0x72 Src\proxSenseI2C.o
 .debug_loc     0x00012b25      0x13c Src\stm32f3xx_hal_msp.o
 .debug_loc     0x00012c61      0x109 Src\system_stm32f3xx.o
 .debug_loc     0x00012d6a      0xa88 Src\uart.o

.debug_aranges  0x00000000     0x1088
 .debug_aranges
                0x00000000       0xc0 Drivers\STM32F3xx_HAL_Driver\Src\stm32f3xx_hal.o
 .debug_aranges
                0x000000c0       0x60 Drivers\STM32F3xx_HAL_Driver\Src\stm32f3xx_hal_adc.o
 .debug_aranges
                0x00000120      0x150 Drivers\STM32F3xx_HAL_Driver\Src\stm32f3xx_hal_adc_ex.o
 .debug_aranges
                0x00000270       0x90 Drivers\STM32F3xx_HAL_Driver\Src\stm32f3xx_hal_cortex.o
 .debug_aranges
                0x00000300       0x78 Drivers\STM32F3xx_HAL_Driver\Src\stm32f3xx_hal_dma.o
 .debug_aranges
                0x00000378       0x58 Drivers\STM32F3xx_HAL_Driver\Src\stm32f3xx_hal_gpio.o
 .debug_aranges
                0x000003d0      0x1e8 Drivers\STM32F3xx_HAL_Driver\Src\stm32f3xx_hal_i2c.o
 .debug_aranges
                0x000005b8       0x48 Drivers\STM32F3xx_HAL_Driver\Src\stm32f3xx_hal_i2c_ex.o
 .debug_aranges
                0x00000600       0x88 Drivers\STM32F3xx_HAL_Driver\Src\stm32f3xx_hal_rcc.o
 .debug_aranges
                0x00000688       0x30 Drivers\STM32F3xx_HAL_Driver\Src\stm32f3xx_hal_rcc_ex.o
 .debug_aranges
                0x000006b8       0xa8 Drivers\STM32F3xx_HAL_Driver\Src\stm32f3xx_hal_rtc.o
 .debug_aranges
                0x00000760      0x100 Drivers\STM32F3xx_HAL_Driver\Src\stm32f3xx_hal_rtc_ex.o
 .debug_aranges
                0x00000860      0x268 Drivers\STM32F3xx_HAL_Driver\Src\stm32f3xx_hal_tim.o
 .debug_aranges
                0x00000ac8      0x118 Drivers\STM32F3xx_HAL_Driver\Src\stm32f3xx_hal_tim_ex.o
 .debug_aranges
                0x00000be0      0x198 Drivers\STM32F3xx_HAL_Driver\Src\stm32f3xx_hal_uart.o
 .debug_aranges
                0x00000d78       0x48 Drivers\STM32F3xx_HAL_Driver\Src\stm32f3xx_hal_uart_ex.o
 .debug_aranges
                0x00000dc0       0x48 Src\GPIO_input.o
 .debug_aranges
                0x00000e08       0x40 Src\SevSeg.o
 .debug_aranges
                0x00000e48       0x48 Src\adc.o
 .debug_aranges
                0x00000e90       0x38 Src\main.o
 .debug_aranges
                0x00000ec8       0x40 Src\proxSenseI2C.o
 .debug_aranges
                0x00000f08       0x70 Src\stm32f3xx_hal_msp.o
 .debug_aranges
                0x00000f78       0x58 Src\stm32f3xx_it.o
 .debug_aranges
                0x00000fd0       0x28 Src\system_stm32f3xx.o
 .debug_aranges
                0x00000ff8       0x68 Src\uart.o
 .debug_aranges
                0x00001060       0x28 startup\startup_stm32f334x8.o

.debug_ranges   0x00000000     0x2440
 .debug_ranges  0x00000000       0xb0 Drivers\STM32F3xx_HAL_Driver\Src\stm32f3xx_hal.o
 .debug_ranges  0x000000b0       0x50 Drivers\STM32F3xx_HAL_Driver\Src\stm32f3xx_hal_adc.o
 .debug_ranges  0x00000100      0x140 Drivers\STM32F3xx_HAL_Driver\Src\stm32f3xx_hal_adc_ex.o
 .debug_ranges  0x00000240      0x148 Drivers\STM32F3xx_HAL_Driver\Src\stm32f3xx_hal_cortex.o
 .debug_ranges  0x00000388      0x128 Drivers\STM32F3xx_HAL_Driver\Src\stm32f3xx_hal_dma.o
 .debug_ranges  0x000004b0       0x60 Drivers\STM32F3xx_HAL_Driver\Src\stm32f3xx_hal_gpio.o
 .debug_ranges  0x00000510      0xa40 Drivers\STM32F3xx_HAL_Driver\Src\stm32f3xx_hal_i2c.o
 .debug_ranges  0x00000f50       0x78 Drivers\STM32F3xx_HAL_Driver\Src\stm32f3xx_hal_i2c_ex.o
 .debug_ranges  0x00000fc8      0x270 Drivers\STM32F3xx_HAL_Driver\Src\stm32f3xx_hal_rcc.o
 .debug_ranges  0x00001238       0xb0 Drivers\STM32F3xx_HAL_Driver\Src\stm32f3xx_hal_rcc_ex.o
 .debug_ranges  0x000012e8      0x380 Drivers\STM32F3xx_HAL_Driver\Src\stm32f3xx_hal_rtc.o
 .debug_ranges  0x00001668       0xf0 Drivers\STM32F3xx_HAL_Driver\Src\stm32f3xx_hal_rtc_ex.o
 .debug_ranges  0x00001758      0x4e0 Drivers\STM32F3xx_HAL_Driver\Src\stm32f3xx_hal_tim.o
 .debug_ranges  0x00001c38      0x108 Drivers\STM32F3xx_HAL_Driver\Src\stm32f3xx_hal_tim_ex.o
 .debug_ranges  0x00001d40      0x1a0 Drivers\STM32F3xx_HAL_Driver\Src\stm32f3xx_hal_uart.o
 .debug_ranges  0x00001ee0       0x38 Drivers\STM32F3xx_HAL_Driver\Src\stm32f3xx_hal_uart_ex.o
 .debug_ranges  0x00001f18       0x38 Src\GPIO_input.o
 .debug_ranges  0x00001f50       0x30 Src\SevSeg.o
 .debug_ranges  0x00001f80       0xe8 Src\adc.o
 .debug_ranges  0x00002068       0xb0 Src\main.o
 .debug_ranges  0x00002118       0x30 Src\proxSenseI2C.o
 .debug_ranges  0x00002148      0x118 Src\stm32f3xx_hal_msp.o
 .debug_ranges  0x00002260       0x48 Src\stm32f3xx_it.o
 .debug_ranges  0x000022a8       0x18 Src\system_stm32f3xx.o
 .debug_ranges  0x000022c0      0x160 Src\uart.o
 .debug_ranges  0x00002420       0x20 startup\startup_stm32f334x8.o

.debug_line     0x00000000     0xc7d5
 .debug_line    0x00000000      0x425 Drivers\STM32F3xx_HAL_Driver\Src\stm32f3xx_hal.o
 .debug_line    0x00000425      0x371 Drivers\STM32F3xx_HAL_Driver\Src\stm32f3xx_hal_adc.o
 .debug_line    0x00000796     0x1273 Drivers\STM32F3xx_HAL_Driver\Src\stm32f3xx_hal_adc_ex.o
 .debug_line    0x00001a09      0x448 Drivers\STM32F3xx_HAL_Driver\Src\stm32f3xx_hal_cortex.o
 .debug_line    0x00001e51      0x63d Drivers\STM32F3xx_HAL_Driver\Src\stm32f3xx_hal_dma.o
 .debug_line    0x0000248e      0x46a Drivers\STM32F3xx_HAL_Driver\Src\stm32f3xx_hal_gpio.o
 .debug_line    0x000028f8     0x1bbd Drivers\STM32F3xx_HAL_Driver\Src\stm32f3xx_hal_i2c.o
 .debug_line    0x000044b5      0x465 Drivers\STM32F3xx_HAL_Driver\Src\stm32f3xx_hal_i2c_ex.o
 .debug_line    0x0000491a      0x8dd Drivers\STM32F3xx_HAL_Driver\Src\stm32f3xx_hal_rcc.o
 .debug_line    0x000051f7      0x4bd Drivers\STM32F3xx_HAL_Driver\Src\stm32f3xx_hal_rcc_ex.o
 .debug_line    0x000056b4      0x8d0 Drivers\STM32F3xx_HAL_Driver\Src\stm32f3xx_hal_rtc.o
 .debug_line    0x00005f84      0xba0 Drivers\STM32F3xx_HAL_Driver\Src\stm32f3xx_hal_rtc_ex.o
 .debug_line    0x00006b24     0x163d Drivers\STM32F3xx_HAL_Driver\Src\stm32f3xx_hal_tim.o
 .debug_line    0x00008161      0xa67 Drivers\STM32F3xx_HAL_Driver\Src\stm32f3xx_hal_tim_ex.o
 .debug_line    0x00008bc8      0xf65 Drivers\STM32F3xx_HAL_Driver\Src\stm32f3xx_hal_uart.o
 .debug_line    0x00009b2d      0x443 Drivers\STM32F3xx_HAL_Driver\Src\stm32f3xx_hal_uart_ex.o
 .debug_line    0x00009f70      0x3d7 Src\GPIO_input.o
 .debug_line    0x0000a347      0x405 Src\SevSeg.o
 .debug_line    0x0000a74c      0x484 Src\adc.o
 .debug_line    0x0000abd0      0x5ad Src\main.o
 .debug_line    0x0000b17d      0x477 Src\proxSenseI2C.o
 .debug_line    0x0000b5f4      0x4ea Src\stm32f3xx_hal_msp.o
 .debug_line    0x0000bade      0x437 Src\stm32f3xx_it.o
 .debug_line    0x0000bf15      0x285 Src\system_stm32f3xx.o
 .debug_line    0x0000c19a      0x5bc Src\uart.o
 .debug_line    0x0000c756       0x7f startup\startup_stm32f334x8.o

.debug_str      0x00000000     0x5e5a
 .debug_str     0x00000000      0xc00 Drivers\STM32F3xx_HAL_Driver\Src\stm32f3xx_hal.o
                                0xca0 (size before relaxing)
 .debug_str     0x00000c00      0x612 Drivers\STM32F3xx_HAL_Driver\Src\stm32f3xx_hal_adc.o
                                0xd41 (size before relaxing)
 .debug_str     0x00001212      0x650 Drivers\STM32F3xx_HAL_Driver\Src\stm32f3xx_hal_adc_ex.o
                               0x135c (size before relaxing)
 .debug_str     0x00001862      0x2af Drivers\STM32F3xx_HAL_Driver\Src\stm32f3xx_hal_cortex.o
                                0xdc6 (size before relaxing)
 .debug_str     0x00001b11      0x229 Drivers\STM32F3xx_HAL_Driver\Src\stm32f3xx_hal_dma.o
                                0xabb (size before relaxing)
 .debug_str     0x00001d3a      0x209 Drivers\STM32F3xx_HAL_Driver\Src\stm32f3xx_hal_gpio.o
                                0x946 (size before relaxing)
 .debug_str     0x00001f43      0xa25 Drivers\STM32F3xx_HAL_Driver\Src\stm32f3xx_hal_i2c.o
                               0x130f (size before relaxing)
 .debug_str     0x00002968       0xf3 Drivers\STM32F3xx_HAL_Driver\Src\stm32f3xx_hal_i2c_ex.o
                                0xcf2 (size before relaxing)
 .debug_str     0x00002a5b      0x2fb Drivers\STM32F3xx_HAL_Driver\Src\stm32f3xx_hal_rcc.o
                                0xab3 (size before relaxing)
 .debug_str     0x00002d56      0x194 Drivers\STM32F3xx_HAL_Driver\Src\stm32f3xx_hal_rcc_ex.o
                                0x905 (size before relaxing)
 .debug_str     0x00002eea      0x42c Drivers\STM32F3xx_HAL_Driver\Src\stm32f3xx_hal_rtc.o
                                0xb86 (size before relaxing)
 .debug_str     0x00003316      0x501 Drivers\STM32F3xx_HAL_Driver\Src\stm32f3xx_hal_rtc_ex.o
                                0xe90 (size before relaxing)
 .debug_str     0x00003817      0xf4f Drivers\STM32F3xx_HAL_Driver\Src\stm32f3xx_hal_tim.o
                               0x1850 (size before relaxing)
 .debug_str     0x00004766      0x5a3 Drivers\STM32F3xx_HAL_Driver\Src\stm32f3xx_hal_tim_ex.o
                               0x128b (size before relaxing)
 .debug_str     0x00004d09      0x902 Drivers\STM32F3xx_HAL_Driver\Src\stm32f3xx_hal_uart.o
                               0x12c8 (size before relaxing)
 .debug_str     0x0000560b       0xed Drivers\STM32F3xx_HAL_Driver\Src\stm32f3xx_hal_uart_ex.o
                                0xccc (size before relaxing)
 .debug_str     0x000056f8      0x199 Src\GPIO_input.o
                               0x1071 (size before relaxing)
 .debug_str     0x00005891       0x7a Src\SevSeg.o
                               0x130c (size before relaxing)
 .debug_str     0x0000590b      0x142 Src\adc.o
                               0x13d0 (size before relaxing)
 .debug_str     0x00005a4d       0xe5 Src\main.o
                               0x1ef8 (size before relaxing)
 .debug_str     0x00005b32       0xef Src\proxSenseI2C.o
                               0x13c2 (size before relaxing)
 .debug_str     0x00005c21       0x25 Src\stm32f3xx_hal_msp.o
                               0x18ac (size before relaxing)
 .debug_str     0x00005c46       0xad Src\stm32f3xx_it.o
                               0x1644 (size before relaxing)
 .debug_str     0x00005cf3       0x50 Src\system_stm32f3xx.o
                                0x730 (size before relaxing)
 .debug_str     0x00005d43      0x117 Src\uart.o
                               0x1138 (size before relaxing)

.comment        0x00000000       0x7c
 .comment       0x00000000       0x7c Drivers\STM32F3xx_HAL_Driver\Src\stm32f3xx_hal.o
                                 0x7d (size before relaxing)
 .comment       0x0000007c       0x7d Drivers\STM32F3xx_HAL_Driver\Src\stm32f3xx_hal_adc.o
 .comment       0x0000007c       0x7d Drivers\STM32F3xx_HAL_Driver\Src\stm32f3xx_hal_adc_ex.o
 .comment       0x0000007c       0x7d Drivers\STM32F3xx_HAL_Driver\Src\stm32f3xx_hal_cortex.o
 .comment       0x0000007c       0x7d Drivers\STM32F3xx_HAL_Driver\Src\stm32f3xx_hal_dma.o
 .comment       0x0000007c       0x7d Drivers\STM32F3xx_HAL_Driver\Src\stm32f3xx_hal_gpio.o
 .comment       0x0000007c       0x7d Drivers\STM32F3xx_HAL_Driver\Src\stm32f3xx_hal_i2c.o
 .comment       0x0000007c       0x7d Drivers\STM32F3xx_HAL_Driver\Src\stm32f3xx_hal_i2c_ex.o
 .comment       0x0000007c       0x7d Drivers\STM32F3xx_HAL_Driver\Src\stm32f3xx_hal_rcc.o
 .comment       0x0000007c       0x7d Drivers\STM32F3xx_HAL_Driver\Src\stm32f3xx_hal_rcc_ex.o
 .comment       0x0000007c       0x7d Drivers\STM32F3xx_HAL_Driver\Src\stm32f3xx_hal_rtc.o
 .comment       0x0000007c       0x7d Drivers\STM32F3xx_HAL_Driver\Src\stm32f3xx_hal_rtc_ex.o
 .comment       0x0000007c       0x7d Drivers\STM32F3xx_HAL_Driver\Src\stm32f3xx_hal_tim.o
 .comment       0x0000007c       0x7d Drivers\STM32F3xx_HAL_Driver\Src\stm32f3xx_hal_tim_ex.o
 .comment       0x0000007c       0x7d Drivers\STM32F3xx_HAL_Driver\Src\stm32f3xx_hal_uart.o
 .comment       0x0000007c       0x7d Drivers\STM32F3xx_HAL_Driver\Src\stm32f3xx_hal_uart_ex.o
 .comment       0x0000007c       0x7d Src\GPIO_input.o
 .comment       0x0000007c       0x7d Src\SevSeg.o
 .comment       0x0000007c       0x7d Src\adc.o
 .comment       0x0000007c       0x7d Src\main.o
 .comment       0x0000007c       0x7d Src\proxSenseI2C.o
 .comment       0x0000007c       0x7d Src\stm32f3xx_hal_msp.o
 .comment       0x0000007c       0x7d Src\stm32f3xx_it.o
 .comment       0x0000007c       0x7d Src\system_stm32f3xx.o
 .comment       0x0000007c       0x7d Src\uart.o

.debug_frame    0x00000000     0x4318
 .debug_frame   0x00000000      0x198 Drivers\STM32F3xx_HAL_Driver\Src\stm32f3xx_hal.o
 .debug_frame   0x00000198      0x170 Drivers\STM32F3xx_HAL_Driver\Src\stm32f3xx_hal_adc.o
 .debug_frame   0x00000308      0x4ec Drivers\STM32F3xx_HAL_Driver\Src\stm32f3xx_hal_adc_ex.o
 .debug_frame   0x000007f4      0x140 Drivers\STM32F3xx_HAL_Driver\Src\stm32f3xx_hal_cortex.o
 .debug_frame   0x00000934      0x184 Drivers\STM32F3xx_HAL_Driver\Src\stm32f3xx_hal_dma.o
 .debug_frame   0x00000ab8       0xf8 Drivers\STM32F3xx_HAL_Driver\Src\stm32f3xx_hal_gpio.o
 .debug_frame   0x00000bb0      0x854 Drivers\STM32F3xx_HAL_Driver\Src\stm32f3xx_hal_i2c.o
 .debug_frame   0x00001404       0xb0 Drivers\STM32F3xx_HAL_Driver\Src\stm32f3xx_hal_i2c_ex.o
 .debug_frame   0x000014b4      0x160 Drivers\STM32F3xx_HAL_Driver\Src\stm32f3xx_hal_rcc.o
 .debug_frame   0x00001614       0x98 Drivers\STM32F3xx_HAL_Driver\Src\stm32f3xx_hal_rcc_ex.o
 .debug_frame   0x000016ac      0x25c Drivers\STM32F3xx_HAL_Driver\Src\stm32f3xx_hal_rtc.o
 .debug_frame   0x00001908      0x394 Drivers\STM32F3xx_HAL_Driver\Src\stm32f3xx_hal_rtc_ex.o
 .debug_frame   0x00001c9c      0x9cc Drivers\STM32F3xx_HAL_Driver\Src\stm32f3xx_hal_tim.o
 .debug_frame   0x00002668      0x428 Drivers\STM32F3xx_HAL_Driver\Src\stm32f3xx_hal_tim_ex.o
 .debug_frame   0x00002a90      0x5ec Drivers\STM32F3xx_HAL_Driver\Src\stm32f3xx_hal_uart.o
 .debug_frame   0x0000307c       0xd4 Drivers\STM32F3xx_HAL_Driver\Src\stm32f3xx_hal_uart_ex.o
 .debug_frame   0x00003150       0x98 Src\GPIO_input.o
 .debug_frame   0x000031e8       0x84 Src\SevSeg.o