stm32f3xx_hal_msp.c:51:6:HAL_MspInit	16	static
stm32f3xx_hal_msp.c:82:6:HAL_ADC_MspInit	48	static
stm32f3xx_hal_msp.c:134:6:HAL_ADC_MspDeInit	8	static
stm32f3xx_hal_msp.c:164:6:HAL_I2C_MspInit	40	static
stm32f3xx_hal_msp.c:194:6:HAL_I2C_MspDeInit	0	static
stm32f3xx_hal_msp.c:218:6:HAL_RTC_MspInit	0	static
stm32f3xx_hal_msp.c:235:6:HAL_RTC_MspDeInit	0	static
stm32f3xx_hal_msp.c:252:6:HAL_TIM_Base_MspInit	16	static
stm32f3xx_hal_msp.c:272:6:HAL_TIM_Base_MspDeInit	0	static
stm32f3xx_hal_msp.c:292:6:HAL_UART_MspInit	48	static
stm32f3xx_hal_msp.c:325:6:HAL_UART_MspDeInit	8	static
